Component: ARM Compiler 5.06 update 6 (build 750) Tool: armlink [4d35ed]

==============================================================================

Section Cross References

    startup_stm32f103xe.o(STACK) refers (Special) to heapauxi.o(.text) for __use_two_region_memory
    startup_stm32f103xe.o(HEAP) refers (Special) to heapauxi.o(.text) for __use_two_region_memory
    startup_stm32f103xe.o(RESET) refers (Special) to heapauxi.o(.text) for __use_two_region_memory
    startup_stm32f103xe.o(RESET) refers to startup_stm32f103xe.o(STACK) for __initial_sp
    startup_stm32f103xe.o(RESET) refers to startup_stm32f103xe.o(.text) for Reset_Handler
    startup_stm32f103xe.o(RESET) refers to stm32f1xx_it.o(i.NMI_Handler) for NMI_Handler
    startup_stm32f103xe.o(RESET) refers to stm32f1xx_it.o(i.HardFault_Handler) for HardFault_Handler
    startup_stm32f103xe.o(RESET) refers to stm32f1xx_it.o(i.MemManage_Handler) for MemManage_Handler
    startup_stm32f103xe.o(RESET) refers to stm32f1xx_it.o(i.BusFault_Handler) for BusFault_Handler
    startup_stm32f103xe.o(RESET) refers to stm32f1xx_it.o(i.UsageFault_Handler) for UsageFault_Handler
    startup_stm32f103xe.o(RESET) refers to stm32f1xx_it.o(i.SVC_Handler) for SVC_Handler
    startup_stm32f103xe.o(RESET) refers to stm32f1xx_it.o(i.DebugMon_Handler) for DebugMon_Handler
    startup_stm32f103xe.o(RESET) refers to stm32f1xx_it.o(i.PendSV_Handler) for PendSV_Handler
    startup_stm32f103xe.o(RESET) refers to stm32f1xx_it.o(i.SysTick_Handler) for SysTick_Handler
    startup_stm32f103xe.o(RESET) refers to stm32f1xx_it.o(i.DMA1_Channel5_IRQHandler) for DMA1_Channel5_IRQHandler
    startup_stm32f103xe.o(RESET) refers to stm32f1xx_it.o(i.TIM1_CC_IRQHandler) for TIM1_CC_IRQHandler
    startup_stm32f103xe.o(RESET) refers to stm32f1xx_it.o(i.SPI2_IRQHandler) for SPI2_IRQHandler
    startup_stm32f103xe.o(.text) refers (Special) to heapauxi.o(.text) for __use_two_region_memory
    startup_stm32f103xe.o(.text) refers to system_stm32f1xx.o(i.SystemInit) for SystemInit
    startup_stm32f103xe.o(.text) refers to __main.o(!!!main) for __main
    startup_stm32f103xe.o(.text) refers to startup_stm32f103xe.o(HEAP) for Heap_Mem
    startup_stm32f103xe.o(.text) refers to startup_stm32f103xe.o(STACK) for Stack_Mem
    main.o(i.Audio_Play_DMA) refers to stm32f1xx_hal_i2s.o(i.HAL_I2S_Transmit_DMA) for HAL_I2S_Transmit_DMA
    main.o(i.Audio_Play_DMA) refers to main.o(.data) for .data
    main.o(i.Audio_Play_DMA) refers to i2s.o(.bss) for hi2s2
    main.o(i.Beep_Control) refers to stm32f1xx_hal_gpio.o(i.HAL_GPIO_WritePin) for HAL_GPIO_WritePin
    main.o(i.Beep_Control) refers to noretval__2sprintf.o(.text) for __2sprintf
    main.o(i.Beep_Control) refers to stm32f1xx_hal.o(i.HAL_GetTick) for HAL_GetTick
    main.o(i.Beep_Control) refers to main.o(.data) for .data
    main.o(i.Beep_Control) refers to main.o(.bss) for .bss
    main.o(i.HAL_I2S_TxCpltCallback) refers to main.o(.data) for .data
    main.o(i.HAL_TIM_IC_CaptureCallback) refers to _printf_percent.o(.ARM.Collect$$_printf_percent$$00000000) for _printf_percent
    main.o(i.HAL_TIM_IC_CaptureCallback) refers to _printf_f.o(.ARM.Collect$$_printf_percent$$00000003) for _printf_f
    main.o(i.HAL_TIM_IC_CaptureCallback) refers to printf1.o(x$fpl$printf1) for _printf_fp_dec
    main.o(i.HAL_TIM_IC_CaptureCallback) refers to stm32f1xx_hal_tim.o(i.HAL_TIM_ReadCapturedValue) for HAL_TIM_ReadCapturedValue
    main.o(i.HAL_TIM_IC_CaptureCallback) refers to fflt_clz.o(x$fpl$fflt) for __aeabi_i2f
    main.o(i.HAL_TIM_IC_CaptureCallback) refers to fmul.o(x$fpl$fmul) for __aeabi_fmul
    main.o(i.HAL_TIM_IC_CaptureCallback) refers to scalbnf.o(x$fpl$scalbnf) for __ARM_scalbnf
    main.o(i.HAL_TIM_IC_CaptureCallback) refers to f2d.o(x$fpl$f2d) for __aeabi_f2d
    main.o(i.HAL_TIM_IC_CaptureCallback) refers to noretval__2sprintf.o(.text) for __2sprintf
    main.o(i.HAL_TIM_IC_CaptureCallback) refers to tim.o(.bss) for htim1
    main.o(i.HAL_TIM_IC_CaptureCallback) refers to main.o(.data) for .data
    main.o(i.HAL_TIM_IC_CaptureCallback) refers to main.o(.bss) for .bss
    main.o(i.HCSR04_Trig) refers to stm32f1xx_hal_gpio.o(i.HAL_GPIO_WritePin) for HAL_GPIO_WritePin
    main.o(i.HCSR04_Trig) refers to stm32f1xx_hal.o(i.HAL_Delay) for HAL_Delay
    main.o(i.HCSR04_Trig) refers to tim.o(.bss) for htim1
    main.o(i.OLED_Control) refers to oled.o(i.OLED_NewFrame) for OLED_NewFrame
    main.o(i.OLED_Control) refers to oled.o(i.OLED_PrintString) for OLED_PrintString
    main.o(i.OLED_Control) refers to oled.o(i.OLED_ShowFrame) for OLED_ShowFrame
    main.o(i.OLED_Control) refers to font.o(.constdata) for font16x16
    main.o(i.OLED_Control) refers to main.o(.bss) for .bss
    main.o(i.Report_Distance) refers to main.o(i.Audio_Play_DMA) for Audio_Play_DMA
    main.o(i.Report_Distance) refers to main.o(.data) for .data
    main.o(i.Report_Distance) refers to main.o(.constdata) for .constdata
[...]
    .ARM.Collect$$rtexit$$00000004           0x080001de   Section        6  rtexit2.o(.ARM.Collect$$rtexit$$00000004)
    .text                                    0x080001e4   Section       64  startup_stm32f103xe.o(.text)
    .text                                    0x08000224   Section        0  noretval__2sprintf.o(.text)
    .text                                    0x0800024c   Section        0  __printf_wp.o(.text)
    .text                                    0x0800035a   Section        0  memcmp.o(.text)
    .text                                    0x080003b2   Section      138  rt_memcpy_v6.o(.text)
    .text                                    0x0800043c   Section       68  rt_memclr.o(.text)
    .text                                    0x08000480   Section       78  rt_memclr_w.o(.text)
    .text                                    0x080004ce   Section        0  heapauxi.o(.text)
    .text                                    0x080004d4   Section        0  _printf_fp_dec.o(.text)
    _fp_digits                               0x080004d7   Thumb Code   432  _printf_fp_dec.o(.text)
    .text                                    0x080008f4   Section        0  _printf_char_common.o(.text)
    _printf_input_char                       0x080008f5   Thumb Code    10  _printf_char_common.o(.text)
    .text                                    0x08000924   Section        0  _sputc.o(.text)
    .text                                    0x0800092e   Section      100  rt_memcpy_w.o(.text)
    .text                                    0x08000994   Section        8  rt_locale_intlibspace.o(.text)
    .text                                    0x0800099c   Section      138  lludiv10.o(.text)
    .text                                    0x08000a28   Section        0  _printf_fp_infnan.o(.text)
    .text                                    0x08000aa8   Section        0  bigflt0.o(.text)
    .text                                    0x08000b8c   Section        8  libspace.o(.text)
    .text                                    0x08000b94   Section       74  sys_stackheap_outer.o(.text)
    .text                                    0x08000bde   Section        0  exit.o(.text)
    .text                                    0x08000bf0   Section      128  strcmpv7m.o(.text)
    .text                                    0x08000c70   Section        0  sys_exit.o(.text)
    .text                                    0x08000c7c   Section        2  use_no_semi.o(.text)
    .text                                    0x08000c7e   Section        0  indicate_semi.o(.text)
    CL$$btod_d2e                             0x08000c7e   Section       62  btod.o(CL$$btod_d2e)
    CL$$btod_d2e_denorm_low                  0x08000cbc   Section       70  btod.o(CL$$btod_d2e_denorm_low)
    CL$$btod_d2e_norm_op1                    0x08000d02   Section       96  btod.o(CL$$btod_d2e_norm_op1)
    CL$$btod_div_common                      0x08000d62   Section      824  btod.o(CL$$btod_div_common)
    CL$$btod_e2e                             0x0800109a   Section      220  btod.o(CL$$btod_e2e)
    CL$$btod_ediv                            0x08001176   Section       42  btod.o(CL$$btod_ediv)
    CL$$btod_emul                            0x080011a0   Section       42  btod.o(CL$$btod_emul)
    CL$$btod_mult_common                     0x080011ca   Section      580  btod.o(CL$$btod_mult_common)
    i.Audio_Play_DMA                         0x08001410   Section        0  main.o(i.Audio_Play_DMA)
    i.Beep_Control                           0x08001430   Section        0  main.o(i.Beep_Control)
    i.BusFault_Handler                       0x0800153c   Section        0  stm32f1xx_it.o(i.BusFault_Handler)
    i.DMA1_Channel5_IRQHandler               0x08001540   Section        0  stm32f1xx_it.o(i.DMA1_Channel5_IRQHandler)
    i.DMA_SetConfig                          0x0800154c   Section        0  stm32f1xx_hal_dma.o(i.DMA_SetConfig)
    DMA_SetConfig                            0x0800154d   Thumb Code    42  stm32f1xx_hal_dma.o(i.DMA_SetConfig)
    i.DebugMon_Handler                       0x08001576   Section        0  stm32f1xx_it.o(i.DebugMon_Handler)
    i.Error_Handler                          0x08001578   Section        0  main.o(i.Error_Handler)
    i.HAL_DMA_IRQHandler                     0x0800157c   Section        0  stm32f1xx_hal_dma.o(i.HAL_DMA_IRQHandler)
    i.HAL_DMA_Init                           0x080017c4   Section        0  stm32f1xx_hal_dma.o(i.HAL_DMA_Init)
    i.HAL_DMA_Start_IT                       0x08001840   Section        0  stm32f1xx_hal_dma.o(i.HAL_DMA_Start_IT)
    i.HAL_Delay                              0x080018b0   Section        0  stm32f1xx_hal.o(i.HAL_Delay)
    i.HAL_GPIO_Init                          0x080018d4   Section        0  stm32f1xx_hal_gpio.o(i.HAL_GPIO_Init)
    i.HAL_GPIO_WritePin                      0x08001acc   Section        0  stm32f1xx_hal_gpio.o(i.HAL_GPIO_WritePin)
    i.HAL_GetTick                            0x08001ad8   Section        0  stm32f1xx_hal.o(i.HAL_GetTick)
    i.HAL_I2C_Init                           0x08001ae4   Section        0  stm32f1xx_hal_i2c.o(i.HAL_I2C_Init)
    i.HAL_I2C_Master_Transmit                0x08001c6c   Section        0  stm32f1xx_hal_i2c.o(i.HAL_I2C_Master_Transmit)
    i.HAL_I2C_MspInit                        0x08001d98   Section        0  i2c.o(i.HAL_I2C_MspInit)
    i.HAL_I2S_ErrorCallback                  0x08001df4   Section        0  stm32f1xx_hal_i2s.o(i.HAL_I2S_ErrorCallback)
    i.HAL_I2S_IRQHandler                     0x08001df6   Section        0  stm32f1xx_hal_i2s.o(i.HAL_I2S_IRQHandler)
    i.HAL_I2S_Init                           0x08001eb0   Section        0  stm32f1xx_hal_i2s.o(i.HAL_I2S_Init)
    i.HAL_I2S_MspInit                        0x08001fa8   Section        0  i2s.o(i.HAL_I2S_MspInit)
    i.HAL_I2S_RxCpltCallback                 0x0800204c   Section        0  stm32f1xx_hal_i2s.o(i.HAL_I2S_RxCpltCallback)
    i.HAL_I2S_Transmit_DMA                   0x08002050   Section        0  stm32f1xx_hal_i2s.o(i.HAL_I2S_Transmit_DMA)
    i.HAL_I2S_TxCpltCallback                 0x08002110   Section        0  main.o(i.HAL_I2S_TxCpltCallback)
    i.HAL_I2S_TxHalfCpltCallback             0x08002128   Section        0  stm32f1xx_hal_i2s.o(i.HAL_I2S_TxHalfCpltCallback)
    i.HAL_IncTick                            0x0800212c   Section        0  stm32f1xx_hal.o(i.HAL_IncTick)
    i.HAL_Init                               0x0800213c   Section        0  stm32f1xx_hal.o(i.HAL_Init)
    i.HAL_InitTick                           0x08002160   Section        0  stm32f1xx_hal.o(i.HAL_InitTick)
    i.HAL_MspInit                            0x080021a0   Section        0  stm32f1xx_hal_msp.o(i.HAL_MspInit)
    i.HAL_NVIC_EnableIRQ                     0x080021dc   Section        0  stm32f1xx_hal_cortex.o(i.HAL_NVIC_EnableIRQ)
    i.HAL_NVIC_SetPriority                   0x080021f8   Section        0  stm32f1xx_hal_cortex.o(i.HAL_NVIC_SetPriority)
    i.HAL_NVIC_SetPriorityGrouping           0x08002238   Section        0  stm32f1xx_hal_cortex.o(i.HAL_NVIC_SetPriorityGrouping)
    i.HAL_RCCEx_GetPeriphCLKFreq             0x0800225c   Section        0  stm32f1xx_hal_rcc_ex.o(i.HAL_RCCEx_GetPeriphCLKFreq)
    i.HAL_RCCEx_PeriphCLKConfig              0x08002314   Section        0  stm32f1xx_hal_rcc_ex.o(i.HAL_RCCEx_PeriphCLKConfig)
    i.HAL_RCC_ClockConfig                    0x08002400   Section        0  stm32f1xx_hal_rcc.o(i.HAL_RCC_ClockConfig)
    i.HAL_RCC_GetPCLK1Freq                   0x0800252c   Section        0  stm32f1xx_hal_rcc.o(i.HAL_RCC_GetPCLK1Freq)
    i.HAL_RCC_GetPCLK2Freq                   0x0800254c   Section        0  stm32f1xx_hal_rcc.o(i.HAL_RCC_GetPCLK2Freq)
    i.HAL_RCC_GetSysClockFreq                0x0800256c   Section        0  stm32f1xx_hal_rcc.o(i.HAL_RCC_GetSysClockFreq)
    i.HAL_RCC_OscConfig                      0x080025b8   Section        0  stm32f1xx_hal_rcc.o(i.HAL_RCC_OscConfig)
    i.HAL_SYSTICK_Config                     0x080028d8   Section        0  stm32f1xx_hal_cortex.o(i.HAL_SYSTICK_Config)
    i.HAL_TIMEx_BreakCallback                0x08002900   Section        0  stm32f1xx_hal_tim_ex.o(i.HAL_TIMEx_BreakCallback)
    i.HAL_TIMEx_CommutCallback               0x08002902   Section        0  stm32f1xx_hal_tim_ex.o(i.HAL_TIMEx_CommutCallback)
    i.HAL_TIMEx_MasterConfigSynchronization  0x08002904   Section        0  stm32f1xx_hal_tim_ex.o(i.HAL_TIMEx_MasterConfigSynchronization)
    i.HAL_TIM_Base_Init                      0x08002980   Section        0  stm32f1xx_hal_tim.o(i.HAL_TIM_Base_Init)
    i.HAL_TIM_Base_MspInit                   0x080029dc   Section        0  tim.o(i.HAL_TIM_Base_MspInit)
    i.HAL_TIM_Base_Start                     0x08002a34   Section        0  stm32f1xx_hal_tim.o(i.HAL_TIM_Base_Start)
    i.HAL_TIM_ConfigClockSource              0x08002a98   Section        0  stm32f1xx_hal_tim.o(i.HAL_TIM_ConfigClockSource)
    i.HAL_TIM_IC_CaptureCallback             0x08002b74   Section        0  main.o(i.HAL_TIM_IC_CaptureCallback)
    i.HAL_TIM_IC_ConfigChannel               0x08002be8   Section        0  stm32f1xx_hal_tim.o(i.HAL_TIM_IC_ConfigChannel)
    i.HAL_TIM_IC_Init                        0x08002d0c   Section        0  stm32f1xx_hal_tim.o(i.HAL_TIM_IC_Init)
    i.HAL_TIM_IC_MspInit                     0x08002d66   Section        0  stm32f1xx_hal_tim.o(i.HAL_TIM_IC_MspInit)
    i.HAL_TIM_IC_Start                       0x08002d68   Section        0  stm32f1xx_hal_tim.o(i.HAL_TIM_IC_Start)
    i.HAL_TIM_IC_Start_IT                    0x08002e34   Section        0  stm32f1xx_hal_tim.o(i.HAL_TIM_IC_Start_IT)
    i.HAL_TIM_IRQHandler                     0x08002f2c   Section        0  stm32f1xx_hal_tim.o(i.HAL_TIM_IRQHandler)
    i.HAL_TIM_OC_DelayElapsedCallback        0x0800305c   Section        0  stm32f1xx_hal_tim.o(i.HAL_TIM_OC_DelayElapsedCallback)
    i.HAL_TIM_PWM_PulseFinishedCallback      0x0800305e   Section        0  stm32f1xx_hal_tim.o(i.HAL_TIM_PWM_PulseFinishedCallback)
    i.HAL_TIM_PeriodElapsedCallback          0x08003060   Section        0  stm32f1xx_hal_tim.o(i.HAL_TIM_PeriodElapsedCallback)
    i.HAL_TIM_ReadCapturedValue              0x08003062   Section        0  stm32f1xx_hal_tim.o(i.HAL_TIM_ReadCapturedValue)
    i.HAL_TIM_TriggerCallback                0x0800308c   Section        0  stm32f1xx_hal_tim.o(i.HAL_TIM_TriggerCallback)
    i.HCSR04_Trig                            0x08003090   Section        0  main.o(i.HCSR04_Trig)
    i.HardFault_Handler                      0x080030cc   Section        0  stm32f1xx_it.o(i.HardFault_Handler)
    i.I2C_IsAcknowledgeFailed                0x080030ce   Section        0  stm32f1xx_hal_i2c.o(i.I2C_IsAcknowledgeFailed)
    I2C_IsAcknowledgeFailed                  0x080030cf   Thumb Code    46  stm32f1xx_hal_i2c.o(i.I2C_IsAcknowledgeFailed)
    i.I2C_MasterRequestWrite                 0x080030fc   Section        0  stm32f1xx_hal_i2c.o(i.I2C_MasterRequestWrite)
    I2C_MasterRequestWrite                   0x080030fd   Thumb Code   150  stm32f1xx_hal_i2c.o(i.I2C_MasterRequestWrite)
    i.I2C_WaitOnBTFFlagUntilTimeout          0x08003198   Section        0  stm32f1xx_hal_i2c.o(i.I2C_WaitOnBTFFlagUntilTimeout)
    I2C_WaitOnBTFFlagUntilTimeout            0x08003199   Thumb Code    86  stm32f1xx_hal_i2c.o(i.I2C_WaitOnBTFFlagUntilTimeout)
    i.I2C_WaitOnFlagUntilTimeout             0x080031f0   Section        0  stm32f1xx_hal_i2c.o(i.I2C_WaitOnFlagUntilTimeout)
    I2C_WaitOnFlagUntilTimeout               0x080031f1   Thumb Code   144  stm32f1xx_hal_i2c.o(i.I2C_WaitOnFlagUntilTimeout)
    i.I2C_WaitOnMasterAddressFlagUntilTimeout 0x08003280   Section        0  stm32f1xx_hal_i2c.o(i.I2C_WaitOnMasterAddressFlagUntilTimeout)
    I2C_WaitOnMasterAddressFlagUntilTimeout  0x08003281   Thumb Code   188  stm32f1xx_hal_i2c.o(i.I2C_WaitOnMasterAddressFlagUntilTimeout)
    i.I2C_WaitOnTXEFlagUntilTimeout          0x0800333c   Section        0  stm32f1xx_hal_i2c.o(i.I2C_WaitOnTXEFlagUntilTimeout)
    I2C_WaitOnTXEFlagUntilTimeout            0x0800333d   Thumb Code    86  stm32f1xx_hal_i2c.o(i.I2C_WaitOnTXEFlagUntilTimeout)
    i.I2S_DMAError                           0x08003392   Section        0  stm32f1xx_hal_i2s.o(i.I2S_DMAError)
    I2S_DMAError                             0x08003393   Thumb Code    40  stm32f1xx_hal_i2s.o(i.I2S_DMAError)
    i.I2S_DMATxCplt                          0x080033ba   Section        0  stm32f1xx_hal_i2s.o(i.I2S_DMATxCplt)
    I2S_DMATxCplt                            0x080033bb   Thumb Code    36  stm32f1xx_hal_i2s.o(i.I2S_DMATxCplt)
    i.I2S_DMATxHalfCplt                      0x080033de   Section        0  stm32f1xx_hal_i2s.o(i.I2S_DMATxHalfCplt)
    I2S_DMATxHalfCplt                        0x080033df   Thumb Code    10  stm32f1xx_hal_i2s.o(i.I2S_DMATxHalfCplt)
    i.MX_DMA_Init                            0x080033e8   Section        0  dma.o(i.MX_DMA_Init)
    i.MX_GPIO_Init                           0x08003414   Section        0  gpio.o(i.MX_GPIO_Init)
    i.MX_I2C1_Init                           0x080034ac   Section        0  i2c.o(i.MX_I2C1_Init)
    i.MX_I2S2_Init                           0x080034ec   Section        0  i2s.o(i.MX_I2S2_Init)
    i.MX_TIM1_Init                           0x08003524   Section        0  tim.o(i.MX_TIM1_Init)
    i.MemManage_Handler                      0x080035d0   Section        0  stm32f1xx_it.o(i.MemManage_Handler)
    i.NMI_Handler                            0x080035d2   Section        0  stm32f1xx_it.o(i.NMI_Handler)
    i.OLED_Control                           0x080035d4   Section        0  main.o(i.OLED_Control)
    i.OLED_Init                              0x0800361c   Section        0  oled.o(i.OLED_Init)
    i.OLED_NewFrame                          0x080036d4   Section        0  oled.o(i.OLED_NewFrame)
    i.OLED_PrintASCIIChar                    0x080036e4   Section        0  oled.o(i.OLED_PrintASCIIChar)
    i.OLED_PrintString                       0x08003704   Section        0  oled.o(i.OLED_PrintString)
    i.OLED_Send                              0x080037bc   Section        0  oled.o(i.OLED_Send)
    i.OLED_SendCmd                           0x080037d8   Section        0  oled.o(i.OLED_SendCmd)
    i.OLED_SetBits                           0x080037e8   Section        0  oled.o(i.OLED_SetBits)
    i.OLED_SetBits_Fine                      0x08003830   Section        0  oled.o(i.OLED_SetBits_Fine)
    i.OLED_SetBlock                          0x08003898   Section        0  oled.o(i.OLED_SetBlock)
    i.OLED_SetByte_Fine                      0x08003920   Section        0  oled.o(i.OLED_SetByte_Fine)
    i.OLED_ShowFrame                         0x08003968   Section        0  oled.o(i.OLED_ShowFrame)
    i.PendSV_Handler                         0x080039b0   Section        0  stm32f1xx_it.o(i.PendSV_Handler)
    i.Report_Distance                        0x080039b4   Section        0  main.o(i.Report_Distance)
    i.SPI2_IRQHandler                        0x080039dc   Section        0  stm32f1xx_it.o(i.SPI2_IRQHandler)
    i.SVC_Handler                            0x080039e8   Section        0  stm32f1xx_it.o(i.SVC_Handler)
    i.SysTick_Handler                        0x080039ea   Section        0  stm32f1xx_it.o(i.SysTick_Handler)
    i.SystemClock_Config                     0x080039ee   Section        0  main.o(i.SystemClock_Config)
    i.SystemInit                             0x08003a66   Section        0  system_stm32f1xx.o(i.SystemInit)
    i.TIM1_CC_IRQHandler                     0x08003a68   Section        0  stm32f1xx_it.o(i.TIM1_CC_IRQHandler)
    i.TIM_Base_SetConfig                     0x08003a74   Section        0  stm32f1xx_hal_tim.o(i.TIM_Base_SetConfig)
    i.TIM_CCxChannelCmd                      0x08003b10   Section        0  stm32f1xx_hal_tim.o(i.TIM_CCxChannelCmd)
    i.TIM_ETR_SetConfig                      0x08003b2a   Section        0  stm32f1xx_hal_tim.o(i.TIM_ETR_SetConfig)
    i.TIM_ITRx_SetConfig                     0x08003b3e   Section        0  stm32f1xx_hal_tim.o(i.TIM_ITRx_SetConfig)
    TIM_ITRx_SetConfig                       0x08003b3f   Thumb Code    16  stm32f1xx_hal_tim.o(i.TIM_ITRx_SetConfig)
    i.TIM_TI1_ConfigInputStage               0x08003b4e   Section        0  stm32f1xx_hal_tim.o(i.TIM_TI1_ConfigInputStage)
    TIM_TI1_ConfigInputStage                 0x08003b4f   Thumb Code    34  stm32f1xx_hal_tim.o(i.TIM_TI1_ConfigInputStage)
    i.TIM_TI1_SetConfig                      0x08003b70   Section        0  stm32f1xx_hal_tim.o(i.TIM_TI1_SetConfig)
    i.TIM_TI2_ConfigInputStage               0x08003bdc   Section        0  stm32f1xx_hal_tim.o(i.TIM_TI2_ConfigInputStage)
    TIM_TI2_ConfigInputStage                 0x08003bdd   Thumb Code    36  stm32f1xx_hal_tim.o(i.TIM_TI2_ConfigInputStage)
    i.TIM_TI2_SetConfig                      0x08003c00   Section        0  stm32f1xx_hal_tim.o(i.TIM_TI2_SetConfig)
    TIM_TI2_SetConfig                        0x08003c01   Thumb Code    54  stm32f1xx_hal_tim.o(i.TIM_TI2_SetConfig)
    i.UsageFault_Handler                     0x08003c36   Section        0  stm32f1xx_it.o(i.UsageFault_Handler)
    i._OLED_GetUTF8Len                       0x08003c38   Section        0  oled.o(i._OLED_GetUTF8Len)
    i.__ARM_fpclassify                       0x08003c6a   Section        0  fpclassify.o(i.__ARM_fpclassify)
    i.__NVIC_SetPriority                     0x08003c92   Section        0  stm32f1xx_hal_cortex.o(i.__NVIC_SetPriority)
    __NVIC_SetPriority                       0x08003c93   Thumb Code    32  stm32f1xx_hal_cortex.o(i.__NVIC_SetPriority)
    i._is_digit                              0x08003cb2   Section        0  __printf_wp.o(i._is_digit)
    i.main                                   0x08003cc0   Section        0  main.o(i.main)
    locale$$code                             0x08003d3c   Section       44  lc_numeric_c.o(locale$$code)
    x$fpl$dretinf                            0x08003d68   Section       12  dretinf.o(x$fpl$dretinf)
    x$fpl$f2d                                0x08003d74   Section       86  f2d.o(x$fpl$f2d)
    x$fpl$fcheck1                            0x08003dcc   Section       12  fcheck1.o(x$fpl$fcheck1)
    x$fpl$fflt                               0x08003dd8   Section       48  fflt_clz.o(x$fpl$fflt)
    x$fpl$fmul                               0x08003e08   Section      258  fmul.o(x$fpl$fmul)
    x$fpl$fnaninf                            0x08003f0a   Section      140  fnaninf.o(x$fpl$fnaninf)
    x$fpl$fretinf                            0x08003f96   Section       10  fretinf.o(x$fpl$fretinf)
    x$fpl$printf1                            0x08003fa0   Section        4  printf1.o(x$fpl$printf1)
    x$fpl$retnan                             0x08003fa4   Section      100  retnan.o(x$fpl$retnan)
    x$fpl$scalbnf                            0x08004008   Section       76  scalbnf.o(x$fpl$scalbnf)
    x$fpl$trapveneer                         0x08004054   Section       48  trapv.o(x$fpl$trapveneer)
    .constdata                               0x08004084   Section    54344  main.o(.constdata)
    x$fpl$usenofp                            0x08004084   Section        0  usenofp.o(x$fpl$usenofp)
    .constdata                               0x080114cc   Section     1520  font.o(.constdata)
    .constdata                               0x08011abc   Section        8  font.o(.constdata)
    .constdata                               0x08011ac4   Section       72  font.o(.constdata)
    .constdata                               0x08011b0c   Section       16  font.o(.constdata)
    .constdata                               0x08011b1c   Section       18  stm32f1xx_hal_rcc.o(.constdata)
    aPredivFactorTable                       0x08011b1c   Data           2  stm32f1xx_hal_rcc.o(.constdata)
    aPLLMULFactorTable                       0x08011b1e   Data          16  stm32f1xx_hal_rcc.o(.constdata)
    .constdata                               0x08011b2e   Section       18  stm32f1xx_hal_rcc_ex.o(.constdata)
    aPredivFactorTable                       0x08011b2e   Data           2  stm32f1xx_hal_rcc_ex.o(.constdata)
    aPLLMULFactorTable                       0x08011b30   Data          16  stm32f1xx_hal_rcc_ex.o(.constdata)
    .constdata                               0x08011b40   Section       16  system_stm32f1xx.o(.constdata)
    .constdata                               0x08011b50   Section        8  system_stm32f1xx.o(.constdata)
    .constdata                               0x08011b58   Section      148  bigflt0.o(.constdata)
    tenpwrs_x                                0x08011b58   Data          60  bigflt0.o(.constdata)
    tenpwrs_i                                0x08011b94   Data          64  bigflt0.o(.constdata)
    locale$$data                             0x08011c0c   Section       28  lc_numeric_c.o(locale$$data)
    __lcnum_c_name                           0x08011c10   Data           2  lc_numeric_c.o(locale$$data)
    __lcnum_c_start                          0x08011c18   Data           0  lc_numeric_c.o(locale$$data)
    __lcnum_c_point                          0x08011c24   Data           0  lc_numeric_c.o(locale$$data)
    __lcnum_c_thousands                      0x08011c26   Data           0  lc_numeric_c.o(locale$$data)
    __lcnum_c_grouping                       0x08011c27   Data           0  lc_numeric_c.o(locale$$data)
    __lcnum_c_end                            0x08011c28   Data           0  lc_numeric_c.o(locale$$data)
    .data                                    0x20000000   Section       20  main.o(.data)
    .data                                    0x20000014   Section        4  oled.o(.data)
    temp                                     0x20000014   Data           1  oled.o(.data)
    temp                                     0x20000015   Data           1  oled.o(.data)
    sendBuffer                               0x20000016   Data           2  oled.o(.data)
    .data                                    0x20000018   Section       12  stm32f1xx_hal.o(.data)
    .data                                    0x20000024   Section        4  system_stm32f1xx.o(.data)
    .bss                                     0x20000028   Section       60  main.o(.bss)
    .bss                                     0x20000064   Section       84  i2c.o(.bss)
    .bss                                     0x200000b8   Section      128  i2s.o(.bss)
    .bss                                     0x20000138   Section       72  tim.o(.bss)
    .bss                                     0x20000180   Section     1153  oled.o(.bss)
    sendBuffer                               0x20000180   Data         129  oled.o(.bss)
    .bss                                     0x20000604   Section       96  libspace.o(.bss)
    HEAP                                     0x20000668   Section      512  startup_stm32f103xe.o(HEAP)
    Heap_Mem                                 0x20000668   Data         512  startup_stm32f103xe.o(HEAP)
    STACK                                    0x20000868   Section     1024  startup_stm32f103xe.o(STACK)
    Stack_Mem                                0x20000868   Data        1024  startup_stm32f103xe.o(STACK)
    __initial_sp                             0x20000c68   Data           0  startup_stm32f103xe.o(STACK)

    Global Symbols

    Symbol Name                              Value     Ov Type        Size  Object(Section)

    BuildAttributes$$THM_ISAv4$P$D$K$B$S$PE$A:L22UL41UL21$X:L11$S22US41US21$IEEE1$IW$USESV6$~STKCKD$USESV7$~SHL$OTIME$ROPI$IEEEJ$EBA8$UX$STANDARDLIB$REQ8$PRES8$EABIv2 0x00000000   Number         0  anon$$obj.o ABSOLUTE
    __ARM_use_no_argv                        0x00000000   Number         0  main.o ABSOLUTE
    _printf_flags                            0x00000000   Number         0  printf_stubs.o ABSOLUTE
    _printf_return_value                     0x00000000   Number         0  printf_stubs.o ABSOLUTE
    _printf_sizespec                         0x00000000   Number         0  printf_stubs.o ABSOLUTE
    _printf_widthprec                        0x00000000   Number         0  printf_stubs.o ABSOLUTE
    __ARM_exceptions_init                     - Undefined Weak Reference
    __alloca_initialize                       - Undefined Weak Reference
    __arm_preinit_                            - Undefined Weak Reference
    __cpp_initialize__aeabi_                  - Undefined Weak Reference
    __cxa_finalize                            - Undefined Weak Reference
    __sigvec_lookup                           - Undefined Weak Reference
    _atexit_init                              - Undefined Weak Reference
    _call_atexit_fns                          - Undefined Weak Reference
    _clock_init                               - Undefined Weak Reference
    _fp_trap_init                             - Undefined Weak Reference
    _fp_trap_shutdown                         - Undefined Weak Reference
    _get_lc_collate                           - Undefined Weak Reference
    _get_lc_ctype                             - Undefined Weak Reference
    _get_lc_monetary                          - Undefined Weak Reference
    _get_lc_time                              - Undefined Weak Reference
    _getenv_init                              - Undefined Weak Reference
    _handle_redirection                       - Undefined Weak Reference
    _init_alloc                               - Undefined Weak Reference
    _init_user_alloc                          - Undefined Weak Reference
    _initio                                   - Undefined Weak Reference
    _printf_post_padding                      - Undefined Weak Reference
    _printf_pre_padding                       - Undefined Weak Reference
    _rand_init                                - Undefined Weak Reference
    _signal_finish                            - Undefined Weak Reference
    _signal_init                              - Undefined Weak Reference
    _terminate_alloc                          - Undefined Weak Reference
    _terminate_user_alloc                     - Undefined Weak Reference
    _terminateio                              - Undefined Weak Reference
    __Vectors_Size                           0x00000130   Number         0  startup_stm32f103xe.o ABSOLUTE
    __Vectors                                0x08000000   Data           4  startup_stm32f103xe.o(RESET)
    __Vectors_End                            0x08000130   Data           0  startup_stm32f103xe.o(RESET)
    __main                                   0x08000131   Thumb Code     8  __main.o(!!!main)
    __scatterload                            0x08000139   Thumb Code     0  __scatter.o(!!!scatter)
    __scatterload_rt2                        0x08000139   Thumb Code    44  __scatter.o(!!!scatter)
    __scatterload_rt2_thumb_only             0x08000139   Thumb Code     0  __scatter.o(!!!scatter)
    __scatterload_null                       0x08000147   Thumb Code     0  __scatter.o(!!!scatter)
    __scatterload_copy                       0x0800016d   Thumb Code    26  __scatter_copy.o(!!handler_copy)
    __scatterload_zeroinit                   0x08000189   Thumb Code    28  __scatter_zi.o(!!handler_zi)
    _printf_f                                0x080001a5   Thumb Code     0  _printf_f.o(.ARM.Collect$$_printf_percent$$00000003)
    _printf_percent                          0x080001a5   Thumb Code     0  _printf_percent.o(.ARM.Collect$$_printf_percent$$00000000)
    _printf_percent_end                      0x080001ab   Thumb Code     0  _printf_percent_end.o(.ARM.Collect$$_printf_percent$$00000017)
    __rt_lib_init                            0x080001af   Thumb Code     0  libinit.o(.ARM.Collect$$libinit$$00000000)
    __rt_lib_init_fp_1                       0x080001b1   Thumb Code     0  libinit2.o(.ARM.Collect$$libinit$$00000002)
    __rt_lib_init_heap_1                     0x080001b1   Thumb Code     0  libinit2.o(.ARM.Collect$$libinit$$0000000A)
    __rt_lib_init_lc_common                  0x080001b1   Thumb Code     0  libinit2.o(.ARM.Collect$$libinit$$0000000F)
    __rt_lib_init_preinit_1                  0x080001b1   Thumb Code     0  libinit2.o(.ARM.Collect$$libinit$$00000004)
    __rt_lib_init_rand_1                     0x080001b1   Thumb Code     0  libinit2.o(.ARM.Collect$$libinit$$0000000E)
    __rt_lib_init_user_alloc_1               0x080001b1   Thumb Code     0  libinit2.o(.ARM.Collect$$libinit$$0000000C)
    __rt_lib_init_lc_collate_1               0x080001b7   Thumb Code     0  libinit2.o(.ARM.Collect$$libinit$$00000011)
    __rt_lib_init_lc_ctype_1                 0x080001b7   Thumb Code     0  libinit2.o(.ARM.Collect$$libinit$$00000013)
    __rt_lib_init_lc_monetary_1              0x080001b7   Thumb Code     0  libinit2.o(.ARM.Collect$$libinit$$00000015)
    __rt_lib_init_lc_numeric_2               0x080001b7   Thumb Code     0  libinit2.o(.ARM.Collect$$libinit$$00000016)
    __rt_lib_init_alloca_1                   0x080001c1   Thumb Code     0  libinit2.o(.ARM.Collect$$libinit$$0000002E)
    __rt_lib_init_argv_1                     0x080001c1   Thumb Code     0  libinit2.o(.ARM.Collect$$libinit$$0000002C)
    __rt_lib_init_atexit_1                   0x080001c1   Thumb Code     0  libinit2.o(.ARM.Collect$$libinit$$0000001B)
    __rt_lib_init_clock_1                    0x080001c1   Thumb Code     0  libinit2.o(.ARM.Collect$$libinit$$00000021)
    __rt_lib_init_cpp_1                      0x080001c1   Thumb Code     0  libinit2.o(.ARM.Collect$$libinit$$00000032)
    __rt_lib_init_exceptions_1               0x080001c1   Thumb Code     0  libinit2.o(.ARM.Collect$$libinit$$00000030)
    __rt_lib_init_fp_trap_1                  0x080001c1   Thumb Code     0  libinit2.o(.ARM.Collect$$libinit$$0000001F)
    __rt_lib_init_getenv_1                   0x080001c1   Thumb Code     0  libinit2.o(.ARM.Collect$$libinit$$00000023)
    __rt_lib_init_lc_numeric_1               0x080001c1   Thumb Code     0  libinit2.o(.ARM.Collect$$libinit$$00000017)
    __rt_lib_init_lc_time_1                  0x080001c1   Thumb Code     0  libinit2.o(.ARM.Collect$$libinit$$00000019)
    __rt_lib_init_return                     0x080001c1   Thumb Code     0  libinit2.o(.ARM.Collect$$libinit$$00000033)
    __rt_lib_init_signal_1                   0x080001c1   Thumb Code     0  libinit2.o(.ARM.Collect$$libinit$$0000001D)
    __rt_lib_init_stdio_1                    0x080001c1   Thumb Code     0  libinit2.o(.ARM.Collect$$libinit$$00000025)
    __rt_lib_shutdown                        0x080001c3   Thumb Code     0  libshutdown.o(.ARM.Collect$$libshutdown$$00000000)
    __rt_lib_shutdown_cpp_1                  0x080001c5   Thumb Code     0  libshutdown2.o(.ARM.Collect$$libshutdown$$00000002)
    __rt_lib_shutdown_fp_trap_1              0x080001c5   Thumb Code     0  libshutdown2.o(.ARM.Collect$$libshutdown$$00000007)
    __rt_lib_shutdown_heap_1                 0x080001c5   Thumb Code     0  libshutdown2.o(.ARM.Collect$$libshutdown$$0000000F)
    __rt_lib_shutdown_return                 0x080001c5   Thumb Code     0  libshutdown2.o(.ARM.Collect$$libshutdown$$00000010)
    __rt_lib_shutdown_signal_1               0x080001c5   Thumb Code     0  libshutdown2.o(.ARM.Collect$$libshutdown$$0000000A)
    __rt_lib_shutdown_stdio_1                0x080001c5   Thumb Code     0  libshutdown2.o(.ARM.Collect$$libshutdown$$00000004)
    __rt_lib_shutdown_user_alloc_1           0x080001c5   Thumb Code     0  libshutdown2.o(.ARM.Collect$$libshutdown$$0000000C)
    __rt_entry                               0x080001c7   Thumb Code     0  __rtentry.o(.ARM.Collect$$rtentry$$00000000)
    __rt_entry_presh_1                       0x080001c7   Thumb Code     0  __rtentry2.o(.ARM.Collect$$rtentry$$00000002)
    __rt_entry_sh                            0x080001c7   Thumb Code     0  __rtentry4.o(.ARM.Collect$$rtentry$$00000004)
    __rt_entry_li                            0x080001cd   Thumb Code     0  __rtentry2.o(.ARM.Collect$$rtentry$$0000000A)
    __rt_entry_postsh_1                      0x080001cd   Thumb Code     0  __rtentry2.o(.ARM.Collect$$rtentry$$00000009)
    __rt_entry_main                          0x080001d1   Thumb Code     0  __rtentry2.o(.ARM.Collect$$rtentry$$0000000D)
    __rt_entry_postli_1                      0x080001d1   Thumb Code     0  __rtentry2.o(.ARM.Collect$$rtentry$$0000000C)
    __rt_exit                                0x080001d9   Thumb Code     0  rtexit.o(.ARM.Collect$$rtexit$$00000000)
    __rt_exit_ls                             0x080001db   Thumb Code     0  rtexit2.o(.ARM.Collect$$rtexit$$00000003)
    __rt_exit_prels_1                        0x080001db   Thumb Code     0  rtexit2.o(.ARM.Collect$$rtexit$$00000002)
    __rt_exit_exit                           0x080001df   Thumb Code     0  rtexit2.o(.ARM.Collect$$rtexit$$00000004)
    Reset_Handler                            0x080001e5   Thumb Code     8  startup_stm32f103xe.o(.text)
    ADC1_2_IRQHandler                        0x080001ff   Thumb Code     0  startup_stm32f103xe.o(.text)
    ADC3_IRQHandler                          0x080001ff   Thumb Code     0  startup_stm32f103xe.o(.text)
    CAN1_RX1_IRQHandler                      0x080001ff   Thumb Code     0  startup_stm32f103xe.o(.text)
    CAN1_SCE_IRQHandler                      0x080001ff   Thumb Code     0  startup_stm32f103xe.o(.text)
    DMA1_Channel1_IRQHandler                 0x080001ff   Thumb Code     0  startup_stm32f103xe.o(.text)
    DMA1_Channel2_IRQHandler                 0x080001ff   Thumb Code     0  startup_stm32f103xe.o(.text)
    DMA1_Channel3_IRQHandler                 0x080001ff   Thumb Code     0  startup_stm32f103xe.o(.text)
    DMA1_Channel4_IRQHandler                 0x080001ff   Thumb Code     0  startup_stm32f103xe.o(.text)
    DMA1_Channel6_IRQHandler                 0x080001ff   Thumb Code     0  startup_stm32f103xe.o(.text)
    DMA1_Channel7_IRQHandler                 0x080001ff   Thumb Code     0  startup_stm32f103xe.o(.text)
    DMA2_Channel1_IRQHandler                 0x080001ff   Thumb Code     0  startup_stm32f103xe.o(.text)
    DMA2_Channel2_IRQHandler                 0x080001ff   Thumb Code     0  startup_stm32f103xe.o(.text)
    DMA2_Channel3_IRQHandler                 0x080001ff   Thumb Code     0  startup_stm32f103xe.o(.text)
    DMA2_Channel4_5_IRQHandler               0x080001ff   Thumb Code     0  startup_stm32f103xe.o(.text)
    EXTI0_IRQHandler                         0x080001ff   Thumb Code     0  startup_stm32f103xe.o(.text)
    EXTI15_10_IRQHandler                     0x080001ff   Thumb Code     0  startup_stm32f103xe.o(.text)
    EXTI1_IRQHandler                         0x080001ff   Thumb Code     0  startup_stm32f103xe.o(.text)
    EXTI2_IRQHandler                         0x080001ff   Thumb Code     0  startup_stm32f103xe.o(.text)
    EXTI3_IRQHandler                         0x080001ff   Thumb Code     0  startup_stm32f103xe.o(.text)
    EXTI4_IRQHandler                         0x080001ff   Thumb Code     0  startup_stm32f103xe.o(.text)
    EXTI9_5_IRQHandler                       0x080001ff   Thumb Code     0  startup_stm32f103xe.o(.text)
    FLASH_IRQHandler                         0x080001ff   Thumb Code     0  startup_stm32f103xe.o(.text)
    FSMC_IRQHandler                          0x080001ff   Thumb Code     0  startup_stm32f103xe.o(.text)
    I2C1_ER_IRQHandler                       0x080001ff   Thumb Code     0  startup_stm32f103xe.o(.text)
    I2C1_EV_IRQHandler                       0x080001ff   Thumb Code     0  startup_stm32f103xe.o(.text)
    I2C2_ER_IRQHandler                       0x080001ff   Thumb Code     0  startup_stm32f103xe.o(.text)
    I2C2_EV_IRQHandler                       0x080001ff   Thumb Code     0  startup_stm32f103xe.o(.text)
    PVD_IRQHandler                           0x080001ff   Thumb Code     0  startup_stm32f103xe.o(.text)
    RCC_IRQHandler                           0x080001ff   Thumb Code     0  startup_stm32f103xe.o(.text)
    RTC_Alarm_IRQHandler                     0x080001ff   Thumb Code     0  startup_stm32f103xe.o(.text)
    RTC_IRQHandler                           0x080001ff   Thumb Code     0  startup_stm32f103xe.o(.text)
    SDIO_IRQHandler                          0x080001ff   Thumb Code     0  startup_stm32f103xe.o(.text)
    SPI1_IRQHandler                          0x080001ff   Thumb Code     0  startup_stm32f103xe.o(.text)
    SPI3_IRQHandler                          0x080001ff   Thumb Code     0  startup_stm32f103xe.o(.text)
    TAMPER_IRQHandler                        0x080001ff   Thumb Code     0  startup_stm32f103xe.o(.text)
    TIM1_BRK_IRQHandler                      0x080001ff   Thumb Code     0  startup_stm32f103xe.o(.text)
    TIM1_TRG_COM_IRQHandler                  0x080001ff   Thumb Code     0  startup_stm32f103xe.o(.text)
    TIM1_UP_IRQHandler                       0x080001ff   Thumb Code     0  startup_stm32f103xe.o(.text)
    TIM2_IRQHandler                          0x080001ff   Thumb Code     0  startup_stm32f103xe.o(.text)
    TIM3_IRQHandler                          0x080001ff   Thumb Code     0  startup_stm32f103xe.o(.text)
    TIM4_IRQHandler                          0x080001ff   Thumb Code     0  startup_stm32f103xe.o(.text)
    TIM5_IRQHandler                          0x080001ff   Thumb Code     0  startup_stm32f103xe.o(.text)
    TIM6_IRQHandler                          0x080001ff   Thumb Code     0  startup_stm32f103xe.o(.text)
    TIM7_IRQHandler                          0x080001ff   Thumb Code     0  startup_stm32f103xe.o(.text)
    TIM8_BRK_IRQHandler                      0x080001ff   Thumb Code     0  startup_stm32f103xe.o(.text)
    TIM8_CC_IRQHandler                       0x080001ff   Thumb Code     0  startup_stm32f103xe.o(.text)
    TIM8_TRG_COM_IRQHandler                  0x080001ff   Thumb Code     0  startup_stm32f103xe.o(.text)
    TIM8_UP_IRQHandler                       0x080001ff   Thumb Code     0  startup_stm32f103xe.o(.text)
    UART4_IRQHandler                         0x080001ff   Thumb Code     0  startup_stm32f103xe.o(.text)
    UART5_IRQHandler                         0x080001ff   Thumb Code     0  startup_stm32f103xe.o(.text)
    USART1_IRQHandler                        0x080001ff   Thumb Code     0  startup_stm32f103xe.o(.text)
    USART2_IRQHandler                        0x080001ff   Thumb Code     0  startup_stm32f103xe.o(.text)
    USART3_IRQHandler                        0x080001ff   Thumb Code     0  startup_stm32f103xe.o(.text)
    USBWakeUp_IRQHandler                     0x080001ff   Thumb Code     0  startup_stm32f103xe.o(.text)
    USB_HP_CAN1_TX_IRQHandler                0x080001ff   Thumb Code     0  startup_stm32f103xe.o(.text)
    USB_LP_CAN1_RX0_IRQHandler               0x080001ff   Thumb Code     0  startup_stm32f103xe.o(.text)
    WWDG_IRQHandler                          0x080001ff   Thumb Code     0  startup_stm32f103xe.o(.text)
    __user_initial_stackheap                 0x08000201   Thumb Code     0  startup_stm32f103xe.o(.text)
    __2sprintf                               0x08000225   Thumb Code    34  noretval__2sprintf.o(.text)
    __printf                                 0x0800024d   Thumb Code   270  __printf_wp.o(.text)
    memcmp                                   0x0800035b   Thumb Code    88  memcmp.o(.text)
    __aeabi_memcpy                           0x080003b3   Thumb Code     0  rt_memcpy_v6.o(.text)
    __rt_memcpy                              0x080003b3   Thumb Code   138  rt_memcpy_v6.o(.text)
    _memcpy_lastbytes                        0x08000419   Thumb Code     0  rt_memcpy_v6.o(.text)
    __aeabi_memclr                           0x0800043d   Thumb Code     0  rt_memclr.o(.text)
    __rt_memclr                              0x0800043d   Thumb Code    68  rt_memclr.o(.text)
    _memset                                  0x08000441   Thumb Code     0  rt_memclr.o(.text)
    __aeabi_memclr4                          0x08000481   Thumb Code     0  rt_memclr_w.o(.text)
    __aeabi_memclr8                          0x08000481   Thumb Code     0  rt_memclr_w.o(.text)
    __rt_memclr_w                            0x08000481   Thumb Code    78  rt_memclr_w.o(.text)
    _memset_w                                0x08000485   Thumb Code     0  rt_memclr_w.o(.text)
    __use_two_region_memory                  0x080004cf   Thumb Code     2  heapauxi.o(.text)
    __rt_heap_escrow$2region                 0x080004d1   Thumb Code     2  heapauxi.o(.text)
    __rt_heap_expand$2region                 0x080004d3   Thumb Code     2  heapauxi.o(.text)
    __lib_sel_fp_printf                      0x080004d5   Thumb Code     2  _printf_fp_dec.o(.text)
    _printf_fp_dec_real                      0x08000687   Thumb Code   620  _printf_fp_dec.o(.text)
    _printf_char_common                      0x080008ff   Thumb Code    32  _printf_char_common.o(.text)
    _sputc                                   0x08000925   Thumb Code    10  _sputc.o(.text)
    __aeabi_memcpy4                          0x0800092f   Thumb Code     0  rt_memcpy_w.o(.text)
    __aeabi_memcpy8                          0x0800092f   Thumb Code     0  rt_memcpy_w.o(.text)
    __rt_memcpy_w                            0x0800092f   Thumb Code   100  rt_memcpy_w.o(.text)
    _memcpy_lastbytes_aligned                0x08000977   Thumb Code     0  rt_memcpy_w.o(.text)
    __rt_locale                              0x08000995   Thumb Code     8  rt_locale_intlibspace.o(.text)
    _ll_udiv10                               0x0800099d   Thumb Code   138  lludiv10.o(.text)
    _printf_fp_infnan                        0x08000a29   Thumb Code   112  _printf_fp_infnan.o(.text)
    _btod_etento                             0x08000aa9   Thumb Code   224  bigflt0.o(.text)
    __user_libspace                          0x08000b8d   Thumb Code     8  libspace.o(.text)
    __user_perproc_libspace                  0x08000b8d   Thumb Code     0  libspace.o(.text)
    __user_perthread_libspace                0x08000b8d   Thumb Code     0  libspace.o(.text)
    __user_setup_stackheap                   0x08000b95   Thumb Code    74  sys_stackheap_outer.o(.text)
    exit                                     0x08000bdf   Thumb Code    18  exit.o(.text)
    strcmp                                   0x08000bf1   Thumb Code   128  strcmpv7m.o(.text)
    _sys_exit                                0x08000c71   Thumb Code     8  sys_exit.o(.text)
    __I$use$semihosting                      0x08000c7d   Thumb Code     0  use_no_semi.o(.text)
    __use_no_semihosting_swi                 0x08000c7d   Thumb Code     2  use_no_semi.o(.text)
    __semihosting_library_function           0x08000c7f   Thumb Code     0  indicate_semi.o(.text)
    _btod_d2e                                0x08000c7f   Thumb Code    62  btod.o(CL$$btod_d2e)
    _d2e_denorm_low                          0x08000cbd   Thumb Code    70  btod.o(CL$$btod_d2e_denorm_low)
    _d2e_norm_op1                            0x08000d03   Thumb Code    96  btod.o(CL$$btod_d2e_norm_op1)
    __btod_div_common                        0x08000d63   Thumb Code   696  btod.o(CL$$btod_div_common)
    _e2e                                     0x0800109b   Thumb Code   220  btod.o(CL$$btod_e2e)
    _btod_ediv                               0x08001177   Thumb Code    42  btod.o(CL$$btod_ediv)
    _btod_emul                               0x080011a1   Thumb Code    42  btod.o(CL$$btod_emul)
    __btod_mult_common                       0x080011cb   Thumb Code   580  btod.o(CL$$btod_mult_common)
    Audio_Play_DMA                           0x08001411   Thumb Code    22  main.o(i.Audio_Play_DMA)
    Beep_Control                             0x08001431   Thumb Code   180  main.o(i.Beep_Control)
    BusFault_Handler                         0x0800153d   Thumb Code     2  stm32f1xx_it.o(i.BusFault_Handler)
    DMA1_Channel5_IRQHandler                 0x08001541   Thumb Code     6  stm32f1xx_it.o(i.DMA1_Channel5_IRQHandler)
    DebugMon_Handler                         0x08001577   Thumb Code     2  stm32f1xx_it.o(i.DebugMon_Handler)
    Error_Handler                            0x08001579   Thumb Code     4  main.o(i.Error_Handler)
    HAL_DMA_IRQHandler                       0x0800157d   Thumb Code   552  stm32f1xx_hal_dma.o(i.HAL_DMA_IRQHandler)
    HAL_DMA_Init                             0x080017c5   Thumb Code   112  stm32f1xx_hal_dma.o(i.HAL_DMA_Init)
    HAL_DMA_Start_IT                         0x08001841   Thumb Code   112  stm32f1xx_hal_dma.o(i.HAL_DMA_Start_IT)
    HAL_Delay                                0x080018b1   Thumb Code    32  stm32f1xx_hal.o(i.HAL_Delay)
    HAL_GPIO_Init                            0x080018d5   Thumb Code   462  stm32f1xx_hal_gpio.o(i.HAL_GPIO_Init)
    HAL_GPIO_WritePin                        0x08001acd   Thumb Code    10  stm32f1xx_hal_gpio.o(i.HAL_GPIO_WritePin)
    HAL_GetTick                              0x08001ad9   Thumb Code     6  stm32f1xx_hal.o(i.HAL_GetTick)
    HAL_I2C_Init                             0x08001ae5   Thumb Code   376  stm32f1xx_hal_i2c.o(i.HAL_I2C_Init)
    HAL_I2C_Master_Transmit                  0x08001c6d   Thumb Code   290  stm32f1xx_hal_i2c.o(i.HAL_I2C_Master_Transmit)
    HAL_I2C_MspInit                          0x08001d99   Thumb Code    80  i2c.o(i.HAL_I2C_MspInit)
    HAL_I2S_ErrorCallback                    0x08001df5   Thumb Code     2  stm32f1xx_hal_i2s.o(i.HAL_I2S_ErrorCallback)
    HAL_I2S_IRQHandler                       0x08001df7   Thumb Code   184  stm32f1xx_hal_i2s.o(i.HAL_I2S_IRQHandler)
    HAL_I2S_Init                             0x08001eb1   Thumb Code   238  stm32f1xx_hal_i2s.o(i.HAL_I2S_Init)
    HAL_I2S_MspInit                          0x08001fa9   Thumb Code   144  i2s.o(i.HAL_I2S_MspInit)
    HAL_I2S_RxCpltCallback                   0x0800204d   Thumb Code     2  stm32f1xx_hal_i2s.o(i.HAL_I2S_RxCpltCallback)
    HAL_I2S_Transmit_DMA                     0x08002051   Thumb Code   178  stm32f1xx_hal_i2s.o(i.HAL_I2S_Transmit_DMA)
    HAL_I2S_TxCpltCallback                   0x08002111   Thumb Code    16  main.o(i.HAL_I2S_TxCpltCallback)
    HAL_I2S_TxHalfCpltCallback               0x08002129   Thumb Code     2  stm32f1xx_hal_i2s.o(i.HAL_I2S_TxHalfCpltCallback)
    HAL_IncTick                              0x0800212d   Thumb Code    12  stm32f1xx_hal.o(i.HAL_IncTick)
    HAL_Init                                 0x0800213d   Thumb Code    32  stm32f1xx_hal.o(i.HAL_Init)
    HAL_InitTick                             0x08002161   Thumb Code    54  stm32f1xx_hal.o(i.HAL_InitTick)
    HAL_MspInit                              0x080021a1   Thumb Code    52  stm32f1xx_hal_msp.o(i.HAL_MspInit)
    HAL_NVIC_EnableIRQ                       0x080021dd   Thumb Code    26  stm32f1xx_hal_cortex.o(i.HAL_NVIC_EnableIRQ)
    HAL_NVIC_SetPriority                     0x080021f9   Thumb Code    60  stm32f1xx_hal_cortex.o(i.HAL_NVIC_SetPriority)
    HAL_NVIC_SetPriorityGrouping             0x08002239   Thumb Code    26  stm32f1xx_hal_cortex.o(i.HAL_NVIC_SetPriorityGrouping)
    HAL_RCCEx_GetPeriphCLKFreq               0x0800225d   Thumb Code   166  stm32f1xx_hal_rcc_ex.o(i.HAL_RCCEx_GetPeriphCLKFreq)
    HAL_RCCEx_PeriphCLKConfig                0x08002315   Thumb Code   224  stm32f1xx_hal_rcc_ex.o(i.HAL_RCCEx_PeriphCLKConfig)
    HAL_RCC_ClockConfig                      0x08002401   Thumb Code   280  stm32f1xx_hal_rcc.o(i.HAL_RCC_ClockConfig)
    HAL_RCC_GetPCLK1Freq                     0x0800252d   Thumb Code    20  stm32f1xx_hal_rcc.o(i.HAL_RCC_GetPCLK1Freq)
    HAL_RCC_GetPCLK2Freq                     0x0800254d   Thumb Code    20  stm32f1xx_hal_rcc.o(i.HAL_RCC_GetPCLK2Freq)
    HAL_RCC_GetSysClockFreq                  0x0800256d   Thumb Code    58  stm32f1xx_hal_rcc.o(i.HAL_RCC_GetSysClockFreq)
    HAL_RCC_OscConfig                        0x080025b9   Thumb Code   778  stm32f1xx_hal_rcc.o(i.HAL_RCC_OscConfig)
    HAL_SYSTICK_Config                       0x080028d9   Thumb Code    40  stm32f1xx_hal_cortex.o(i.HAL_SYSTICK_Config)
    HAL_TIMEx_BreakCallback                  0x08002901   Thumb Code     2  stm32f1xx_hal_tim_ex.o(i.HAL_TIMEx_BreakCallback)
    HAL_TIMEx_CommutCallback                 0x08002903   Thumb Code     2  stm32f1xx_hal_tim_ex.o(i.HAL_TIMEx_CommutCallback)
    HAL_TIMEx_MasterConfigSynchronization    0x08002905   Thumb Code   104  stm32f1xx_hal_tim_ex.o(i.HAL_TIMEx_MasterConfigSynchronization)
    HAL_TIM_Base_Init                        0x08002981   Thumb Code    90  stm32f1xx_hal_tim.o(i.HAL_TIM_Base_Init)
    HAL_TIM_Base_MspInit                     0x080029dd   Thumb Code    74  tim.o(i.HAL_TIM_Base_MspInit)
    HAL_TIM_Base_Start                       0x08002a35   Thumb Code    78  stm32f1xx_hal_tim.o(i.HAL_TIM_Base_Start)
    HAL_TIM_ConfigClockSource                0x08002a99   Thumb Code   220  stm32f1xx_hal_tim.o(i.HAL_TIM_ConfigClockSource)
    HAL_TIM_IC_CaptureCallback               0x08002b75   Thumb Code    82  main.o(i.HAL_TIM_IC_CaptureCallback)
    HAL_TIM_IC_ConfigChannel                 0x08002be9   Thumb Code   292  stm32f1xx_hal_tim.o(i.HAL_TIM_IC_ConfigChannel)
    HAL_TIM_IC_Init                          0x08002d0d   Thumb Code    90  stm32f1xx_hal_tim.o(i.HAL_TIM_IC_Init)
    HAL_TIM_IC_MspInit                       0x08002d67   Thumb Code     2  stm32f1xx_hal_tim.o(i.HAL_TIM_IC_MspInit)
    HAL_TIM_IC_Start                         0x08002d69   Thumb Code   184  stm32f1xx_hal_tim.o(i.HAL_TIM_IC_Start)
    HAL_TIM_IC_Start_IT                      0x08002e35   Thumb Code   228  stm32f1xx_hal_tim.o(i.HAL_TIM_IC_Start_IT)
    HAL_TIM_IRQHandler                       0x08002f2d   Thumb Code   304  stm32f1xx_hal_tim.o(i.HAL_TIM_IRQHandler)
    HAL_TIM_OC_DelayElapsedCallback          0x0800305d   Thumb Code     2  stm32f1xx_hal_tim.o(i.HAL_TIM_OC_DelayElapsedCallback)
    HAL_TIM_PWM_PulseFinishedCallback        0x0800305f   Thumb Code     2  stm32f1xx_hal_tim.o(i.HAL_TIM_PWM_PulseFinishedCallback)
    HAL_TIM_PeriodElapsedCallback            0x08003061   Thumb Code     2  stm32f1xx_hal_tim.o(i.HAL_TIM_PeriodElapsedCallback)
    HAL_TIM_ReadCapturedValue                0x08003063   Thumb Code    42  stm32f1xx_hal_tim.o(i.HAL_TIM_ReadCapturedValue)
    HAL_TIM_TriggerCallback                  0x0800308d   Thumb Code     2  stm32f1xx_hal_tim.o(i.HAL_TIM_TriggerCallback)
    HCSR04_Trig                              0x08003091   Thumb Code    50  main.o(i.HCSR04_Trig)
    HardFault_Handler                        0x080030cd   Thumb Code     2  stm32f1xx_it.o(i.HardFault_Handler)
    MX_DMA_Init                              0x080033e9   Thumb Code    40  dma.o(i.MX_DMA_Init)
    MX_GPIO_Init                             0x08003415   Thumb Code   140  gpio.o(i.MX_GPIO_Init)
    MX_I2C1_Init                             0x080034ad   Thumb Code    50  i2c.o(i.MX_I2C1_Init)
    MX_I2S2_Init                             0x080034ed   Thumb Code    46  i2s.o(i.MX_I2S2_Init)
    MX_TIM1_Init                             0x08003525   Thumb Code   164  tim.o(i.MX_TIM1_Init)
    MemManage_Handler                        0x080035d1   Thumb Code     2  stm32f1xx_it.o(i.MemManage_Handler)
    NMI_Handler                              0x080035d3   Thumb Code     2  stm32f1xx_it.o(i.NMI_Handler)
    OLED_Control                             0x080035d5   Thumb Code    62  main.o(i.OLED_Control)
    OLED_Init                                0x0800361d   Thumb Code   182  oled.o(i.OLED_Init)
    OLED_NewFrame                            0x080036d5   Thumb Code    10  oled.o(i.OLED_NewFrame)
    OLED_PrintASCIIChar                      0x080036e5   Thumb Code    32  oled.o(i.OLED_PrintASCIIChar)
    OLED_PrintString                         0x08003705   Thumb Code   182  oled.o(i.OLED_PrintString)
    OLED_Send                                0x080037bd   Thumb Code    22  oled.o(i.OLED_Send)
    OLED_SendCmd                             0x080037d9   Thumb Code    12  oled.o(i.OLED_SendCmd)
    OLED_SetBits                             0x080037e9   Thumb Code    72  oled.o(i.OLED_SetBits)
    OLED_SetBits_Fine                        0x08003831   Thumb Code   104  oled.o(i.OLED_SetBits_Fine)
    OLED_SetBlock                            0x08003899   Thumb Code   136  oled.o(i.OLED_SetBlock)
    OLED_SetByte_Fine                        0x08003921   Thumb Code    64  oled.o(i.OLED_SetByte_Fine)
    OLED_ShowFrame                           0x08003969   Thumb Code    68  oled.o(i.OLED_ShowFrame)
    PendSV_Handler                           0x080039b1   Thumb Code     2  stm32f1xx_it.o(i.PendSV_Handler)
    Report_Distance                          0x080039b5   Thumb Code    28  main.o(i.Report_Distance)
    SPI2_IRQHandler                          0x080039dd   Thumb Code     6  stm32f1xx_it.o(i.SPI2_IRQHandler)
    SVC_Handler                              0x080039e9   Thumb Code     2  stm32f1xx_it.o(i.SVC_Handler)
    SysTick_Handler                          0x080039eb   Thumb Code     4  stm32f1xx_it.o(i.SysTick_Handler)
    SystemClock_Config                       0x080039ef   Thumb Code   120  main.o(i.SystemClock_Config)
    SystemInit                               0x08003a67   Thumb Code     2  system_stm32f1xx.o(i.SystemInit)
    TIM1_CC_IRQHandler                       0x08003a69   Thumb Code     6  stm32f1xx_it.o(i.TIM1_CC_IRQHandler)
    TIM_Base_SetConfig                       0x08003a75   Thumb Code   134  stm32f1xx_hal_tim.o(i.TIM_Base_SetConfig)
    TIM_CCxChannelCmd                        0x08003b11   Thumb Code    26  stm32f1xx_hal_tim.o(i.TIM_CCxChannelCmd)
    TIM_ETR_SetConfig                        0x08003b2b   Thumb Code    20  stm32f1xx_hal_tim.o(i.TIM_ETR_SetConfig)
    TIM_TI1_SetConfig                        0x08003b71   Thumb Code    88  stm32f1xx_hal_tim.o(i.TIM_TI1_SetConfig)
    UsageFault_Handler                       0x08003c37   Thumb Code     2  stm32f1xx_it.o(i.UsageFault_Handler)
    _OLED_GetUTF8Len                         0x08003c39   Thumb Code    50  oled.o(i._OLED_GetUTF8Len)
    __ARM_fpclassify                         0x08003c6b   Thumb Code    40  fpclassify.o(i.__ARM_fpclassify)
    _is_digit                                0x08003cb3   Thumb Code    14  __printf_wp.o(i._is_digit)
    main                                     0x08003cc1   Thumb Code    90  main.o(i.main)
    _get_lc_numeric                          0x08003d3d   Thumb Code    44  lc_numeric_c.o(locale$$code)
    __fpl_dretinf                            0x08003d69   Thumb Code    12  dretinf.o(x$fpl$dretinf)
    __aeabi_f2d                              0x08003d75   Thumb Code     0  f2d.o(x$fpl$f2d)
    _f2d                                     0x08003d75   Thumb Code    86  f2d.o(x$fpl$f2d)
    __fpl_fcheck_NaN1                        0x08003dcd   Thumb Code     6  fcheck1.o(x$fpl$fcheck1)
    __aeabi_i2f                              0x08003dd9   Thumb Code     0  fflt_clz.o(x$fpl$fflt)
    _fflt                                    0x08003dd9   Thumb Code    48  fflt_clz.o(x$fpl$fflt)
    __aeabi_fmul                             0x08003e09   Thumb Code     0  fmul.o(x$fpl$fmul)
    _fmul                                    0x08003e09   Thumb Code   258  fmul.o(x$fpl$fmul)
    __fpl_fnaninf                            0x08003f0b   Thumb Code   140  fnaninf.o(x$fpl$fnaninf)
    __fpl_fretinf                            0x08003f97   Thumb Code    10  fretinf.o(x$fpl$fretinf)
    _printf_fp_dec                           0x08003fa1   Thumb Code     4  printf1.o(x$fpl$printf1)
    __fpl_return_NaN                         0x08003fa5   Thumb Code   100  retnan.o(x$fpl$retnan)
    __ARM_scalbnf                            0x08004009   Thumb Code    76  scalbnf.o(x$fpl$scalbnf)
    __fpl_cmpreturn                          0x08004055   Thumb Code    48  trapv.o(x$fpl$trapveneer)
    __I$use$fp                               0x08004084   Number         0  usenofp.o(x$fpl$usenofp)
    audio_data                               0x08004084   Data       54344  main.o(.constdata)
    ascii_16x8                               0x080114cc   Data        1520  font.o(.constdata)
    afont16x8                                0x08011abc   Data           8  font.o(.constdata)
    zh16x16                                  0x08011ac4   Data          72  font.o(.constdata)
    font16x16                                0x08011b0c   Data          16  font.o(.constdata)
    AHBPrescTable                            0x08011b40   Data          16  system_stm32f1xx.o(.constdata)
    APBPrescTable                            0x08011b50   Data           8  system_stm32f1xx.o(.constdata)
    Region$$Table$$Base                      0x08011bec   Number         0  anon$$obj.o(Region$$Table)
    Region$$Table$$Limit                     0x08011c0c   Number         0  anon$$obj.o(Region$$Table)
    audio_play_finish                        0x20000000   Data           1  main.o(.data)
    beep_state                               0x20000001   Data           1  main.o(.data)
    upEdge                                   0x20000004   Data           4  main.o(.data)
    downEdge                                 0x20000008   Data           4  main.o(.data)
    distance                                 0x2000000c   Data           4  main.o(.data)
    beep_tick                                0x20000010   Data           4  main.o(.data)
    uwTickFreq                               0x20000018   Data           1  stm32f1xx_hal.o(.data)
    uwTickPrio                               0x2000001c   Data           4  stm32f1xx_hal.o(.data)
    uwTick                                   0x20000020   Data           4  stm32f1xx_hal.o(.data)
    SystemCoreClock                          0x20000024   Data           4  system_stm32f1xx.o(.data)
    message                                  0x20000028   Data          20  main.o(.bss)
    message1                                 0x2000003c   Data          20  main.o(.bss)
    message2                                 0x20000050   Data          20  main.o(.bss)
    hi2c1                                    0x20000064   Data          84  i2c.o(.bss)
    hi2s2                                    0x200000b8   Data          60  i2s.o(.bss)
    hdma_spi2_tx                             0x200000f4   Data          68  i2s.o(.bss)
    htim1                                    0x20000138   Data          72  tim.o(.bss)
    OLED_GRAM                                0x20000201   Data        1024  oled.o(.bss)
    __libspace_start                         0x20000604   Data          96  libspace.o(.bss)
    __temporary_stack_top$libspace           0x20000664   Data           0  libspace.o(.bss)



==============================================================================

Memory Map of the image

  Image Entry point : 0x08000131

  Load Region LR_IROM1 (Base: 0x08000000, Size: 0x00011c50, Max: 0x00040000, ABSOLUTE)

    Execution Region ER_IROM1 (Exec base: 0x08000000, Load base: 0x08000000, Size: 0x00011c28, Max: 0x00040000, ABSOLUTE)

    Exec Addr    Load Addr    Size         Type   Attr      Idx    E Section Name        Object

    0x08000000   0x08000000   0x00000130   Data   RO            3    RESET               startup_stm32f103xe.o
    0x08000130   0x08000130   0x00000008   Code   RO         3817  * !!!main             c_w.l(__main.o)
    0x08000138   0x08000138   0x00000034   Code   RO         4075    !!!scatter          c_w.l(__scatter.o)
    0x0800016c   0x0800016c   0x0000001a   Code   RO         4077    !!handler_copy      c_w.l(__scatter_copy.o)
    0x08000186   0x08000186   0x00000002   PAD
    0x08000188   0x08000188   0x0000001c   Code   RO         4079    !!handler_zi        c_w.l(__scatter_zi.o)
    0x080001a4   0x080001a4   0x00000000   Code   RO         3806    .ARM.Collect$$_printf_percent$$00000000  c_w.l(_printf_percent.o)
    0x080001a4   0x080001a4   0x00000006   Code   RO         3805    .ARM.Collect$$_printf_percent$$00000003  c_w.l(_printf_f.o)
    0x080001aa   0x080001aa   0x00000004   Code   RO         3858    .ARM.Collect$$_printf_percent$$00000017  c_w.l(_printf_percent_end.o)
    0x080001ae   0x080001ae   0x00000002   Code   RO         3946    .ARM.Collect$$libinit$$00000000  c_w.l(libinit.o)
    0x080001b0   0x080001b0   0x00000000   Code   RO         3948    .ARM.Collect$$libinit$$00000002  c_w.l(libinit2.o)
    0x080001b0   0x080001b0   0x00000000   Code   RO         3950    .ARM.Collect$$libinit$$00000004  c_w.l(libinit2.o)
    0x080001b0   0x080001b0   0x00000000   Code   RO         3953    .ARM.Collect$$libinit$$0000000A  c_w.l(libinit2.o)
    0x080001b0   0x080001b0   0x00000000   Code   RO         3955    .ARM.Collect$$libinit$$0000000C  c_w.l(libinit2.o)
    0x080001b0   0x080001b0   0x00000000   Code   RO         3957    .ARM.Collect$$libinit$$0000000E  c_w.l(libinit2.o)
    0x080001b0   0x080001b0   0x00000006   Code   RO         3958    .ARM.Collect$$libinit$$0000000F  c_w.l(libinit2.o)
    0x080001b6   0x080001b6   0x00000000   Code   RO         3960    .ARM.Collect$$libinit$$00000011  c_w.l(libinit2.o)
    0x080001b6   0x080001b6   0x00000000   Code   RO         3962    .ARM.Collect$$libinit$$00000013  c_w.l(libinit2.o)
    0x080001b6   0x080001b6   0x00000000   Code   RO         3964    .ARM.Collect$$libinit$$00000015  c_w.l(libinit2.o)
    0x080001b6   0x080001b6   0x0000000a   Code   RO         3965    .ARM.Collect$$libinit$$00000016  c_w.l(libinit2.o)
    0x080001c0   0x080001c0   0x00000000   Code   RO         3966    .ARM.Collect$$libinit$$00000017  c_w.l(libinit2.o)
    0x080001c0   0x080001c0   0x00000000   Code   RO         3968    .ARM.Collect$$libinit$$00000019  c_w.l(libinit2.o)
    0x080001c0   0x080001c0   0x00000000   Code   RO         3970    .ARM.Collect$$libinit$$0000001B  c_w.l(libinit2.o)
    0x080001c0   0x080001c0   0x00000000   Code   RO         3972    .ARM.Collect$$libinit$$0000001D  c_w.l(libinit2.o)
    0x080001c0   0x080001c0   0x00000000   Code   RO         3974    .ARM.Collect$$libinit$$0000001F  c_w.l(libinit2.o)
    0x080001c0   0x080001c0   0x00000000   Code   RO         3976    .ARM.Collect$$libinit$$00000021  c_w.l(libinit2.o)
    0x080001c0   0x080001c0   0x00000000   Code   RO         3978    .ARM.Collect$$libinit$$00000023  c_w.l(libinit2.o)
    0x080001c0   0x080001c0   0x00000000   Code   RO         3980    .ARM.Collect$$libinit$$00000025  c_w.l(libinit2.o)
    0x080001c0   0x080001c0   0x00000000   Code   RO         3984    .ARM.Collect$$libinit$$0000002C  c_w.l(libinit2.o)
    0x080001c0   0x080001c0   0x00000000   Code   RO         3986    .ARM.Collect$$libinit$$0000002E  c_w.l(libinit2.o)
    0x080001c0   0x080001c0   0x00000000   Code   RO         3988    .ARM.Collect$$libinit$$00000030  c_w.l(libinit2.o)
    0x080001c0   0x080001c0   0x00000000   Code   RO         3990    .ARM.Collect$$libinit$$00000032  c_w.l(libinit2.o)
    0x080001c0   0x080001c0   0x00000002   Code   RO         3991    .ARM.Collect$$libinit$$00000033  c_w.l(libinit2.o)
    0x080001c2   0x080001c2   0x00000002   Code   RO         4023    .ARM.Collect$$libshutdown$$00000000  c_w.l(libshutdown.o)
    0x080001c4   0x080001c4   0x00000000   Code   RO         4034    .ARM.Collect$$libshutdown$$00000002  c_w.l(libshutdown2.o)
    0x080001c4   0x080001c4   0x00000000   Code   RO         4036    .ARM.Collect$$libshutdown$$00000004  c_w.l(libshutdown2.o)
    0x080001c4   0x080001c4   0x00000000   Code   RO         4039    .ARM.Collect$$libshutdown$$00000007  c_w.l(libshutdown2.o)
    0x080001c4   0x080001c4   0x00000000   Code   RO         4042    .ARM.Collect$$libshutdown$$0000000A  c_w.l(libshutdown2.o)
    0x080001c4   0x080001c4   0x00000000   Code   RO         4044    .ARM.Collect$$libshutdown$$0000000C  c_w.l(libshutdown2.o)
    0x080001c4   0x080001c4   0x00000000   Code   RO         4047    .ARM.Collect$$libshutdown$$0000000F  c_w.l(libshutdown2.o)
    0x080001c4   0x080001c4   0x00000002   Code   RO         4048    .ARM.Collect$$libshutdown$$00000010  c_w.l(libshutdown2.o)
    0x080001c6   0x080001c6   0x00000000   Code   RO         3851    .ARM.Collect$$rtentry$$00000000  c_w.l(__rtentry.o)
    0x080001c6   0x080001c6   0x00000000   Code   RO         3873    .ARM.Collect$$rtentry$$00000002  c_w.l(__rtentry2.o)
    0x080001c6   0x080001c6   0x00000006   Code   RO         3885    .ARM.Collect$$rtentry$$00000004  c_w.l(__rtentry4.o)
    0x080001cc   0x080001cc   0x00000000   Code   RO         3875    .ARM.Collect$$rtentry$$00000009  c_w.l(__rtentry2.o)
    0x080001cc   0x080001cc   0x00000004   Code   RO         3876    .ARM.Collect$$rtentry$$0000000A  c_w.l(__rtentry2.o)
    0x080001d0   0x080001d0   0x00000000   Code   RO         3878    .ARM.Collect$$rtentry$$0000000C  c_w.l(__rtentry2.o)
    0x080001d0   0x080001d0   0x00000008   Code   RO         3879    .ARM.Collect$$rtentry$$0000000D  c_w.l(__rtentry2.o)
    0x080001d8   0x080001d8   0x00000002   Code   RO         3994    .ARM.Collect$$rtexit$$00000000  c_w.l(rtexit.o)
    0x080001da   0x080001da   0x00000000   Code   RO         4001    .ARM.Collect$$rtexit$$00000002  c_w.l(rtexit2.o)
    0x080001da   0x080001da   0x00000004   Code   RO         4002    .ARM.Collect$$rtexit$$00000003  c_w.l(rtexit2.o)
    0x080001de   0x080001de   0x00000006   Code   RO         4003    .ARM.Collect$$rtexit$$00000004  c_w.l(rtexit2.o)
    0x080001e4   0x080001e4   0x00000040   Code   RO            4    .text               startup_stm32f103xe.o
    0x08000224   0x08000224   0x00000028   Code   RO         3781    .text               c_w.l(noretval__2sprintf.o)
    0x0800024c   0x0800024c   0x0000010e   Code   RO         3793    .text               c_w.l(__printf_wp.o)
    0x0800035a   0x0800035a   0x00000058   Code   RO         3807    .text               c_w.l(memcmp.o)
    0x080003b2   0x080003b2   0x0000008a   Code   RO         3809    .text               c_w.l(rt_memcpy_v6.o)
    0x0800043c   0x0800043c   0x00000044   Code   RO         3811    .text               c_w.l(rt_memclr.o)
    0x08000480   0x08000480   0x0000004e   Code   RO         3813    .text               c_w.l(rt_memclr_w.o)
    0x080004ce   0x080004ce   0x00000006   Code   RO         3815    .text               c_w.l(heapauxi.o)
    0x080004d4   0x080004d4   0x0000041e   Code   RO         3852    .text               c_w.l(_printf_fp_dec.o)
    0x080008f2   0x080008f2   0x00000002   PAD
    0x080008f4   0x080008f4   0x00000030   Code   RO         3854    .text               c_w.l(_printf_char_common.o)
    0x08000924   0x08000924   0x0000000a   Code   RO         3856    .text               c_w.l(_sputc.o)
    0x0800092e   0x0800092e   0x00000064   Code   RO         3859    .text               c_w.l(rt_memcpy_w.o)
    0x08000992   0x08000992   0x00000002   PAD
    0x08000994   0x08000994   0x00000008   Code   RO         3890    .text               c_w.l(rt_locale_intlibspace.o)
    0x0800099c   0x0800099c   0x0000008a   Code   RO         3892    .text               c_w.l(lludiv10.o)
    0x08000a26   0x08000a26   0x00000002   PAD
    0x08000a28   0x08000a28   0x00000080   Code   RO         3894    .text               c_w.l(_printf_fp_infnan.o)
    0x08000aa8   0x08000aa8   0x000000e4   Code   RO         3898    .text               c_w.l(bigflt0.o)
    0x08000b8c   0x08000b8c   0x00000008   Code   RO         3932    .text               c_w.l(libspace.o)
    0x08000b94   0x08000b94   0x0000004a   Code   RO         3935    .text               c_w.l(sys_stackheap_outer.o)
    0x08000bde   0x08000bde   0x00000012   Code   RO         3937    .text               c_w.l(exit.o)
    0x08000bf0   0x08000bf0   0x00000080   Code   RO         3939    .text               c_w.l(strcmpv7m.o)
    0x08000c70   0x08000c70   0x0000000c   Code   RO         4013    .text               c_w.l(sys_exit.o)
    0x08000c7c   0x08000c7c   0x00000002   Code   RO         4024    .text               c_w.l(use_no_semi.o)
    0x08000c7e   0x08000c7e   0x00000000   Code   RO         4026    .text               c_w.l(indicate_semi.o)
    0x08000c7e   0x08000c7e   0x0000003e   Code   RO         3901    CL$$btod_d2e        c_w.l(btod.o)
    0x08000cbc   0x08000cbc   0x00000046   Code   RO         3903    CL$$btod_d2e_denorm_low  c_w.l(btod.o)
    0x08000d02   0x08000d02   0x00000060   Code   RO         3902    CL$$btod_d2e_norm_op1  c_w.l(btod.o)
    0x08000d62   0x08000d62   0x00000338   Code   RO         3911    CL$$btod_div_common  c_w.l(btod.o)
    0x0800109a   0x0800109a   0x000000dc   Code   RO         3908    CL$$btod_e2e        c_w.l(btod.o)
    0x08001176   0x08001176   0x0000002a   Code   RO         3905    CL$$btod_ediv       c_w.l(btod.o)
    0x080011a0   0x080011a0   0x0000002a   Code   RO         3904    CL$$btod_emul       c_w.l(btod.o)
    0x080011ca   0x080011ca   0x00000244   Code   RO         3910    CL$$btod_mult_common  c_w.l(btod.o)
    0x0800140e   0x0800140e   0x00000002   PAD
    0x08001410   0x08001410   0x00000020   Code   RO           13    i.Audio_Play_DMA    main.o
    0x08001430   0x08001430   0x0000010c   Code   RO           14    i.Beep_Control      main.o
    0x0800153c   0x0800153c   0x00000002   Code   RO          444    i.BusFault_Handler  stm32f1xx_it.o
    0x0800153e   0x0800153e   0x00000002   PAD
    0x08001540   0x08001540   0x0000000c   Code   RO          445    i.DMA1_Channel5_IRQHandler  stm32f1xx_it.o
    0x0800154c   0x0800154c   0x0000002a   Code   RO         1633    i.DMA_SetConfig     stm32f1xx_hal_dma.o
    0x08001576   0x08001576   0x00000002   Code   RO          446    i.DebugMon_Handler  stm32f1xx_it.o
    0x08001578   0x08001578   0x00000004   Code   RO           15    i.Error_Handler     main.o
    0x0800157c   0x0800157c   0x00000248   Code   RO         1639    i.HAL_DMA_IRQHandler  stm32f1xx_hal_dma.o
    0x080017c4   0x080017c4   0x0000007c   Code   RO         1640    i.HAL_DMA_Init      stm32f1xx_hal_dma.o
    0x08001840   0x08001840   0x00000070   Code   RO         1644    i.HAL_DMA_Start_IT  stm32f1xx_hal_dma.o
    0x080018b0   0x080018b0   0x00000024   Code   RO         1260    i.HAL_Delay         stm32f1xx_hal.o
    0x080018d4   0x080018d4   0x000001f8   Code   RO         1570    i.HAL_GPIO_Init     stm32f1xx_hal_gpio.o
    0x08001acc   0x08001acc   0x0000000a   Code   RO         1574    i.HAL_GPIO_WritePin  stm32f1xx_hal_gpio.o
    0x08001ad6   0x08001ad6   0x00000002   PAD
    0x08001ad8   0x08001ad8   0x0000000c   Code   RO         1264    i.HAL_GetTick       stm32f1xx_hal.o
    0x08001ae4   0x08001ae4   0x00000188   Code   RO          827    i.HAL_I2C_Init      stm32f1xx_hal_i2c.o
    0x08001c6c   0x08001c6c   0x0000012c   Code   RO          840    i.HAL_I2C_Master_Transmit  stm32f1xx_hal_i2c.o
    0x08001d98   0x08001d98   0x0000005c   Code   RO          277    i.HAL_I2C_MspInit   i2c.o
    0x08001df4   0x08001df4   0x00000002   Code   RO         2234    i.HAL_I2S_ErrorCallback  stm32f1xx_hal_i2s.o
    0x08001df6   0x08001df6   0x000000b8   Code   RO         2237    i.HAL_I2S_IRQHandler  stm32f1xx_hal_i2s.o
    0x08001eae   0x08001eae   0x00000002   PAD
    0x08001eb0   0x08001eb0   0x000000f8   Code   RO         2238    i.HAL_I2S_Init      stm32f1xx_hal_i2s.o
    0x08001fa8   0x08001fa8   0x000000a4   Code   RO          319    i.HAL_I2S_MspInit   i2s.o
    0x0800204c   0x0800204c   0x00000002   Code   RO         2244    i.HAL_I2S_RxCpltCallback  stm32f1xx_hal_i2s.o
    0x0800204e   0x0800204e   0x00000002   PAD
    0x08002050   0x08002050   0x000000c0   Code   RO         2247    i.HAL_I2S_Transmit_DMA  stm32f1xx_hal_i2s.o
    0x08002110   0x08002110   0x00000018   Code   RO           16    i.HAL_I2S_TxCpltCallback  main.o
    0x08002128   0x08002128   0x00000002   Code   RO         2250    i.HAL_I2S_TxHalfCpltCallback  stm32f1xx_hal_i2s.o
    0x0800212a   0x0800212a   0x00000002   PAD
    0x0800212c   0x0800212c   0x00000010   Code   RO         1270    i.HAL_IncTick       stm32f1xx_hal.o
    0x0800213c   0x0800213c   0x00000024   Code   RO         1271    i.HAL_Init          stm32f1xx_hal.o
    0x08002160   0x08002160   0x00000040   Code   RO         1272    i.HAL_InitTick      stm32f1xx_hal.o
    0x080021a0   0x080021a0   0x0000003c   Code   RO          538    i.HAL_MspInit       stm32f1xx_hal_msp.o
    0x080021dc   0x080021dc   0x0000001a   Code   RO         1730    i.HAL_NVIC_EnableIRQ  stm32f1xx_hal_cortex.o
    0x080021f6   0x080021f6   0x00000002   PAD
    0x080021f8   0x080021f8   0x00000040   Code   RO         1736    i.HAL_NVIC_SetPriority  stm32f1xx_hal_cortex.o
    0x08002238   0x08002238   0x00000024   Code   RO         1737    i.HAL_NVIC_SetPriorityGrouping  stm32f1xx_hal_cortex.o
    0x0800225c   0x0800225c   0x000000b8   Code   RO         1531    i.HAL_RCCEx_GetPeriphCLKFreq  stm32f1xx_hal_rcc_ex.o
    0x08002314   0x08002314   0x000000ec   Code   RO         1532    i.HAL_RCCEx_PeriphCLKConfig  stm32f1xx_hal_rcc_ex.o
    0x08002400   0x08002400   0x0000012c   Code   RO         1428    i.HAL_RCC_ClockConfig  stm32f1xx_hal_rcc.o
    0x0800252c   0x0800252c   0x00000020   Code   RO         1435    i.HAL_RCC_GetPCLK1Freq  stm32f1xx_hal_rcc.o
    0x0800254c   0x0800254c   0x00000020   Code   RO         1436    i.HAL_RCC_GetPCLK2Freq  stm32f1xx_hal_rcc.o
    0x0800256c   0x0800256c   0x0000004c   Code   RO         1437    i.HAL_RCC_GetSysClockFreq  stm32f1xx_hal_rcc.o
    0x080025b8   0x080025b8   0x00000320   Code   RO         1440    i.HAL_RCC_OscConfig  stm32f1xx_hal_rcc.o
    0x080028d8   0x080028d8   0x00000028   Code   RO         1741    i.HAL_SYSTICK_Config  stm32f1xx_hal_cortex.o
    0x08002900   0x08002900   0x00000002   Code   RO         3110    i.HAL_TIMEx_BreakCallback  stm32f1xx_hal_tim_ex.o
    0x08002902   0x08002902   0x00000002   Code   RO         3111    i.HAL_TIMEx_CommutCallback  stm32f1xx_hal_tim_ex.o
    0x08002904   0x08002904   0x0000007c   Code   RO         3129    i.HAL_TIMEx_MasterConfigSynchronization  stm32f1xx_hal_tim_ex.o
    0x08002980   0x08002980   0x0000005a   Code   RO         2406    i.HAL_TIM_Base_Init  stm32f1xx_hal_tim.o
    0x080029da   0x080029da   0x00000002   PAD
    0x080029dc   0x080029dc   0x00000058   Code   RO          361    i.HAL_TIM_Base_MspInit  tim.o
    0x08002a34   0x08002a34   0x00000064   Code   RO         2409    i.HAL_TIM_Base_Start  stm32f1xx_hal_tim.o
    0x08002a98   0x08002a98   0x000000dc   Code   RO         2415    i.HAL_TIM_ConfigClockSource  stm32f1xx_hal_tim.o
    0x08002b74   0x08002b74   0x00000074   Code   RO           17    i.HAL_TIM_IC_CaptureCallback  main.o
    0x08002be8   0x08002be8   0x00000124   Code   RO         2442    i.HAL_TIM_IC_ConfigChannel  stm32f1xx_hal_tim.o
    0x08002d0c   0x08002d0c   0x0000005a   Code   RO         2445    i.HAL_TIM_IC_Init   stm32f1xx_hal_tim.o
    0x08002d66   0x08002d66   0x00000002   Code   RO         2447    i.HAL_TIM_IC_MspInit  stm32f1xx_hal_tim.o
    0x08002d68   0x08002d68   0x000000cc   Code   RO         2448    i.HAL_TIM_IC_Start  stm32f1xx_hal_tim.o
    0x08002e34   0x08002e34   0x000000f8   Code   RO         2450    i.HAL_TIM_IC_Start_IT  stm32f1xx_hal_tim.o
    0x08002f2c   0x08002f2c   0x00000130   Code   RO         2454    i.HAL_TIM_IRQHandler  stm32f1xx_hal_tim.o
    0x0800305c   0x0800305c   0x00000002   Code   RO         2457    i.HAL_TIM_OC_DelayElapsedCallback  stm32f1xx_hal_tim.o
    0x0800305e   0x0800305e   0x00000002   Code   RO         2484    i.HAL_TIM_PWM_PulseFinishedCallback  stm32f1xx_hal_tim.o
    0x08003060   0x08003060   0x00000002   Code   RO         2492    i.HAL_TIM_PeriodElapsedCallback  stm32f1xx_hal_tim.o
    0x08003062   0x08003062   0x0000002a   Code   RO         2494    i.HAL_TIM_ReadCapturedValue  stm32f1xx_hal_tim.o
    0x0800308c   0x0800308c   0x00000002   Code   RO         2497    i.HAL_TIM_TriggerCallback  stm32f1xx_hal_tim.o
    0x0800308e   0x0800308e   0x00000002   PAD
    0x08003090   0x08003090   0x0000003c   Code   RO           18    i.HCSR04_Trig       main.o
    0x080030cc   0x080030cc   0x00000002   Code   RO          447    i.HardFault_Handler  stm32f1xx_it.o
    0x080030ce   0x080030ce   0x0000002e   Code   RO          870    i.I2C_IsAcknowledgeFailed  stm32f1xx_hal_i2c.o
    0x080030fc   0x080030fc   0x0000009c   Code   RO          874    i.I2C_MasterRequestWrite  stm32f1xx_hal_i2c.o
    0x08003198   0x08003198   0x00000056   Code   RO          885    i.I2C_WaitOnBTFFlagUntilTimeout  stm32f1xx_hal_i2c.o
    0x080031ee   0x080031ee   0x00000002   PAD
    0x080031f0   0x080031f0   0x00000090   Code   RO          886    i.I2C_WaitOnFlagUntilTimeout  stm32f1xx_hal_i2c.o
    0x08003280   0x08003280   0x000000bc   Code   RO          887    i.I2C_WaitOnMasterAddressFlagUntilTimeout  stm32f1xx_hal_i2c.o
    0x0800333c   0x0800333c   0x00000056   Code   RO          889    i.I2C_WaitOnTXEFlagUntilTimeout  stm32f1xx_hal_i2c.o
    0x08003392   0x08003392   0x00000028   Code   RO         2251    i.I2S_DMAError      stm32f1xx_hal_i2s.o
    0x080033ba   0x080033ba   0x00000024   Code   RO         2254    i.I2S_DMATxCplt     stm32f1xx_hal_i2s.o
    0x080033de   0x080033de   0x0000000a   Code   RO         2255    i.I2S_DMATxHalfCplt  stm32f1xx_hal_i2s.o
    0x080033e8   0x080033e8   0x0000002c   Code   RO          252    i.MX_DMA_Init       dma.o
    0x08003414   0x08003414   0x00000098   Code   RO          228    i.MX_GPIO_Init      gpio.o
    0x080034ac   0x080034ac   0x00000040   Code   RO          278    i.MX_I2C1_Init      i2c.o
    0x080034ec   0x080034ec   0x00000038   Code   RO          320    i.MX_I2S2_Init      i2s.o
    0x08003524   0x08003524   0x000000ac   Code   RO          362    i.MX_TIM1_Init      tim.o
    0x080035d0   0x080035d0   0x00000002   Code   RO          448    i.MemManage_Handler  stm32f1xx_it.o
    0x080035d2   0x080035d2   0x00000002   Code   RO          449    i.NMI_Handler       stm32f1xx_it.o
    0x080035d4   0x080035d4   0x00000048   Code   RO           19    i.OLED_Control      main.o
    0x0800361c   0x0800361c   0x000000b6   Code   RO          599    i.OLED_Init         oled.o
    0x080036d2   0x080036d2   0x00000002   PAD
    0x080036d4   0x080036d4   0x00000010   Code   RO          600    i.OLED_NewFrame     oled.o
    0x080036e4   0x080036e4   0x00000020   Code   RO          601    i.OLED_PrintASCIIChar  oled.o
    0x08003704   0x08003704   0x000000b6   Code   RO          603    i.OLED_PrintString  oled.o
    0x080037ba   0x080037ba   0x00000002   PAD
    0x080037bc   0x080037bc   0x0000001c   Code   RO          604    i.OLED_Send         oled.o
    0x080037d8   0x080037d8   0x00000010   Code   RO          605    i.OLED_SendCmd      oled.o
    0x080037e8   0x080037e8   0x00000048   Code   RO          606    i.OLED_SetBits      oled.o
    0x08003830   0x08003830   0x00000068   Code   RO          607    i.OLED_SetBits_Fine  oled.o
    0x08003898   0x08003898   0x00000088   Code   RO          608    i.OLED_SetBlock     oled.o
    0x08003920   0x08003920   0x00000048   Code   RO          610    i.OLED_SetByte_Fine  oled.o
    0x08003968   0x08003968   0x00000048   Code   RO          613    i.OLED_ShowFrame    oled.o
    0x080039b0   0x080039b0   0x00000002   Code   RO          450    i.PendSV_Handler    stm32f1xx_it.o
    0x080039b2   0x080039b2   0x00000002   PAD
    0x080039b4   0x080039b4   0x00000028   Code   RO           20    i.Report_Distance   main.o
    0x080039dc   0x080039dc   0x0000000c   Code   RO          451    i.SPI2_IRQHandler   stm32f1xx_it.o
    0x080039e8   0x080039e8   0x00000002   Code   RO          452    i.SVC_Handler       stm32f1xx_it.o
    0x080039ea   0x080039ea   0x00000004   Code   RO          453    i.SysTick_Handler   stm32f1xx_it.o
    0x080039ee   0x080039ee   0x00000078   Code   RO           21    i.SystemClock_Config  main.o
    0x08003a66   0x08003a66   0x00000002   Code   RO         3741    i.SystemInit        system_stm32f1xx.o
    0x08003a68   0x08003a68   0x0000000c   Code   RO          454    i.TIM1_CC_IRQHandler  stm32f1xx_it.o
    0x08003a74   0x08003a74   0x0000009c   Code   RO         2499    i.TIM_Base_SetConfig  stm32f1xx_hal_tim.o
    0x08003b10   0x08003b10   0x0000001a   Code   RO         2500    i.TIM_CCxChannelCmd  stm32f1xx_hal_tim.o
    0x08003b2a   0x08003b2a   0x00000014   Code   RO         2510    i.TIM_ETR_SetConfig  stm32f1xx_hal_tim.o
    0x08003b3e   0x08003b3e   0x00000010   Code   RO         2511    i.TIM_ITRx_SetConfig  stm32f1xx_hal_tim.o
    0x08003b4e   0x08003b4e   0x00000022   Code   RO         2517    i.TIM_TI1_ConfigInputStage  stm32f1xx_hal_tim.o
    0x08003b70   0x08003b70   0x0000006c   Code   RO         2518    i.TIM_TI1_SetConfig  stm32f1xx_hal_tim.o
    0x08003bdc   0x08003bdc   0x00000024   Code   RO         2519    i.TIM_TI2_ConfigInputStage  stm32f1xx_hal_tim.o
    0x08003c00   0x08003c00   0x00000036   Code   RO         2520    i.TIM_TI2_SetConfig  stm32f1xx_hal_tim.o
    0x08003c36   0x08003c36   0x00000002   Code   RO          455    i.UsageFault_Handler  stm32f1xx_it.o
    0x08003c38   0x08003c38   0x00000032   Code   RO          614    i._OLED_GetUTF8Len  oled.o
    0x08003c6a   0x08003c6a   0x00000028   Code   RO         3930    i.__ARM_fpclassify  m_ws.l(fpclassify.o)
    0x08003c92   0x08003c92   0x00000020   Code   RO         1743    i.__NVIC_SetPriority  stm32f1xx_hal_cortex.o
    0x08003cb2   0x08003cb2   0x0000000e   Code   RO         3795    i._is_digit         c_w.l(__printf_wp.o)
    0x08003cc0   0x08003cc0   0x0000007c   Code   RO           22    i.main              main.o
    0x08003d3c   0x08003d3c   0x0000002c   Code   RO         3924    locale$$code        c_w.l(lc_numeric_c.o)
    0x08003d68   0x08003d68   0x0000000c   Code   RO         3863    x$fpl$dretinf       fz_ws.l(dretinf.o)
    0x08003d74   0x08003d74   0x00000056   Code   RO         3837    x$fpl$f2d           fz_ws.l(f2d.o)
    0x08003dca   0x08003dca   0x00000002   PAD
    0x08003dcc   0x08003dcc   0x0000000c   Code   RO         3865    x$fpl$fcheck1       fz_ws.l(fcheck1.o)
    0x08003dd8   0x08003dd8   0x00000030   Code   RO         3840    x$fpl$fflt          fz_ws.l(fflt_clz.o)
    0x08003e08   0x08003e08   0x00000102   Code   RO         3845    x$fpl$fmul          fz_ws.l(fmul.o)
    0x08003f0a   0x08003f0a   0x0000008c   Code   RO         3867    x$fpl$fnaninf       fz_ws.l(fnaninf.o)
    0x08003f96   0x08003f96   0x0000000a   Code   RO         3869    x$fpl$fretinf       fz_ws.l(fretinf.o)
    0x08003fa0   0x08003fa0   0x00000004   Code   RO         3847    x$fpl$printf1       fz_ws.l(printf1.o)
    0x08003fa4   0x08003fa4   0x00000064   Code   RO         3928    x$fpl$retnan        fz_ws.l(retnan.o)
    0x08004008   0x08004008   0x0000004c   Code   RO         3849    x$fpl$scalbnf       fz_ws.l(scalbnf.o)
    0x08004054   0x08004054   0x00000030   Code   RO         3992    x$fpl$trapveneer    fz_ws.l(trapv.o)
    0x08004084   0x08004084   0x00000000   Code   RO         3871    x$fpl$usenofp       fz_ws.l(usenofp.o)
    0x08004084   0x08004084   0x0000d448   Data   RO           24    .constdata          main.o
    0x080114cc   0x080114cc   0x000005f0   Data   RO          563    .constdata          font.o
    0x08011abc   0x08011abc   0x00000008   Data   RO          564    .constdata          font.o
    0x08011ac4   0x08011ac4   0x00000048   Data   RO          567    .constdata          font.o
    0x08011b0c   0x08011b0c   0x00000010   Data   RO          568    .constdata          font.o
    0x08011b1c   0x08011b1c   0x00000012   Data   RO         1441    .constdata          stm32f1xx_hal_rcc.o
    0x08011b2e   0x08011b2e   0x00000012   Data   RO         1533    .constdata          stm32f1xx_hal_rcc_ex.o
    0x08011b40   0x08011b40   0x00000010   Data   RO         3742    .constdata          system_stm32f1xx.o
    0x08011b50   0x08011b50   0x00000008   Data   RO         3743    .constdata          system_stm32f1xx.o
    0x08011b58   0x08011b58   0x00000094   Data   RO         3899    .constdata          c_w.l(bigflt0.o)
    0x08011bec   0x08011bec   0x00000020   Data   RO         4073    Region$$Table       anon$$obj.o
    0x08011c0c   0x08011c0c   0x0000001c   Data   RO         3923    locale$$data        c_w.l(lc_numeric_c.o)


    Execution Region RW_IRAM1 (Exec base: 0x20000000, Load base: 0x08011c28, Size: 0x00000c68, Max: 0x0000c000, ABSOLUTE)

    Exec Addr    Load Addr    Size         Type   Attr      Idx    E Section Name        Object

    0x20000000   0x08011c28   0x00000014   Data   RW           26    .data               main.o
    0x20000014   0x08011c3c   0x00000004   Data   RW          616    .data               oled.o
    0x20000018   0x08011c40   0x0000000c   Data   RW         1278    .data               stm32f1xx_hal.o
    0x20000024   0x08011c4c   0x00000004   Data   RW         3744    .data               system_stm32f1xx.o
    0x20000028        -       0x0000003c   Zero   RW           23    .bss                main.o
    0x20000064        -       0x00000054   Zero   RW          279    .bss                i2c.o
    0x200000b8        -       0x00000080   Zero   RW          321    .bss                i2s.o
    0x20000138        -       0x00000048   Zero   RW          363    .bss                tim.o
    0x20000180        -       0x00000481   Zero   RW          615    .bss                oled.o
    0x20000601   0x08011c50   0x00000003   PAD
    0x20000604        -       0x00000060   Zero   RW         3933    .bss                c_w.l(libspace.o)
    0x20000664   0x08011c50   0x00000004   PAD
    0x20000668        -       0x00000200   Zero   RW            2    HEAP                startup_stm32f103xe.o
    0x20000868        -       0x00000400   Zero   RW            1    STACK               startup_stm32f103xe.o


==============================================================================

Image component sizes


      Code (inc. data)   RO Data    RW Data    ZI Data      Debug   Object Name

        44          4          0          0          0        786   dma.o
         0          0       1616          0          0       1649   font.o
       152         12          0          0          0        959   gpio.o
       156         26          0          0         84       1689   i2c.o
       220         30          0          0        128       1802   i2s.o
       860        206      54344         20         60     498539   main.o
       962         28          0          4       1153      10295   oled.o
        64         26        304          0       1536        824   startup_stm32f103xe.o
       164         28          0         12          0       6625   stm32f1xx_hal.o
       198         14          0          0          0      29035   stm32f1xx_hal_cortex.o
       862         44          0          0          0       3735   stm32f1xx_hal_dma.o
       514         42          0          0          0       2948   stm32f1xx_hal_gpio.o
      1398         32          0          0          0       9237   stm32f1xx_hal_i2c.o
       716         24          0          0          0       6637   stm32f1xx_hal_i2s.o
        60          8          0          0          0        902   stm32f1xx_hal_msp.o
      1240         84         18          0          0       5208   stm32f1xx_hal_rcc.o
       420         30         18          0          0       2561   stm32f1xx_hal_rcc_ex.o
      2050        104          0          0          0      17416   stm32f1xx_hal_tim.o
       128         20          0          0          0       2465   stm32f1xx_hal_tim_ex.o
        56         18          0          0          0       5360   stm32f1xx_it.o
         2          0         24          4          0       1163   system_stm32f1xx.o
       260         22          0          0         72       1866   tim.o

    ----------------------------------------------------------------------
     10550        802      56356         40       3036     611701   Object Totals
         0          0         32          0          0          0   (incl. Generated)
        24          0          0          0          3          0   (incl. Padding)

    ----------------------------------------------------------------------

      Code (inc. data)   RO Data    RW Data    ZI Data      Debug   Library Member Name

         8          0          0          0          0         68   __main.o
       284          0          0          0          0        156   __printf_wp.o
         0          0          0          0          0          0   __rtentry.o
        12          0          0          0          0          0   __rtentry2.o
         6          0          0          0          0          0   __rtentry4.o
        52          8          0          0          0          0   __scatter.o
        26          0          0          0          0          0   __scatter_copy.o
        28          0          0          0          0          0   __scatter_zi.o
        48          6          0          0          0         96   _printf_char_common.o
         6          0          0          0          0          0   _printf_f.o
      1054          0          0          0          0        216   _printf_fp_dec.o
       128         16          0          0          0         84   _printf_fp_infnan.o
         0          0          0          0          0          0   _printf_percent.o
         4          0          0          0          0          0   _printf_percent_end.o
        10          0          0          0          0         68   _sputc.o
       228          4        148          0          0         96   bigflt0.o
      1936        128          0          0          0        672   btod.o
        18          0          0          0          0         80   exit.o
         6          0          0          0          0        152   heapauxi.o
         0          0          0          0          0          0   indicate_semi.o
        44         10         28          0          0         76   lc_numeric_c.o
         2          0          0          0          0          0   libinit.o
        18          0          0          0          0          0   libinit2.o
         2          0          0          0          0          0   libshutdown.o
         2          0          0          0          0          0   libshutdown2.o
         8          4          0          0         96         68   libspace.o
       138          0          0          0          0         80   lludiv10.o
        88          0          0          0          0         76   memcmp.o
        40          6          0          0          0         84   noretval__2sprintf.o
         8          4          0          0          0         68   rt_locale_intlibspace.o
        68          0          0          0          0         68   rt_memclr.o
        78          0          0          0          0         80   rt_memclr_w.o
       138          0          0          0          0         68   rt_memcpy_v6.o
       100          0          0          0          0         80   rt_memcpy_w.o
         2          0          0          0          0          0   rtexit.o
        10          0          0          0          0          0   rtexit2.o
       128          0          0          0          0         68   strcmpv7m.o
        12          4          0          0          0         68   sys_exit.o
        74          0          0          0          0         80   sys_stackheap_outer.o
         2          0          0          0          0         68   use_no_semi.o
        12          0          0          0          0         68   dretinf.o
        86          4          0          0          0         84   f2d.o
        12          4          0          0          0         68   fcheck1.o
        48          0          0          0          0         68   fflt_clz.o
       258          4          0          0          0         84   fmul.o
       140          4          0          0          0         84   fnaninf.o
        10          0          0          0          0         68   fretinf.o
         4          0          0          0          0         68   printf1.o
       100          0          0          0          0         68   retnan.o
        76          0          0          0          0         68   scalbnf.o
        48          0          0          0          0         68   trapv.o
         0          0          0          0          0          0   usenofp.o
        40          0          0          0          0         68   fpclassify.o

    ----------------------------------------------------------------------
      5662        206        176          0        100       3584   Library Totals
        12          0          0          0          4          0   (incl. Padding)

    ----------------------------------------------------------------------

      Code (inc. data)   RO Data    RW Data    ZI Data      Debug   Library Name

      4816        190        176          0         96       2720   c_w.l
       794         16          0          0          0        796   fz_ws.l
        40          0          0          0          0         68   m_ws.l

    ----------------------------------------------------------------------
      5662        206        176          0        100       3584   Library Totals

    ----------------------------------------------------------------------

==============================================================================


      Code (inc. data)   RO Data    RW Data    ZI Data      Debug   

     16212       1008      56532         40       3136     607741   Grand Totals
     16212       1008      56532         40       3136     607741   ELF Image Totals
     16212       1008      56532         40          0          0   ROM Totals

==============================================================================

    Total RO  Size (Code + RO Data)                72744 (  71.04kB)
    Total RW  Size (RW Data + ZI Data)              3176 (   3.10kB)
    Total ROM Size (Code + RO Data + RW Data)      72784 (  71.08kB)

==============================================================================

