<html>
<body>
<pre>
<h1>µVision Build Log</h1>
<h2>Tool Versions:</h2>
IDE-Version: ¦ÌVision V5.27.0.0
Copyright (C) 2018 ARM Ltd and ARM Germany GmbH. All rights reserved.
License Information: d Lystar, d, LIC=HN0AE-5UCQY-UH08H-W6RWT-NM03Y-SY9VK
 
Tool Versions:
Toolchain:       MDK-ARM Plus  Version: 5.27.0.0
Toolchain Path:  E:\Keil5.27\ARM\ARMCC\Bin
C Compiler:      Armcc.exe V5.06 update 6 (build 750)
Assembler:       Armasm.exe V5.06 update 6 (build 750)
Linker/Locator:  ArmLink.exe V5.06 update 6 (build 750)
Library Manager: ArmAr.exe V5.06 update 6 (build 750)
Hex Converter:   FromElf.exe V5.06 update 6 (build 750)
CPU DLL:         SARMCM3.DLL V5.27.0.0
Dialog DLL:      DCM.DLL V1.17.2.0
Target DLL:      CMSIS_AGDI.dll V1.31.9.0
Dialog DLL:      TCM.DLL V1.36.1.0
 
<h2>Project:</h2>
E:\wulianwangshebeicengshijian-wangchangjun\daocheleida-nofreertos\MDK-ARM\daocheleida_yuyinmokuiai.uvprojx
Project File Date:  05/12/2026

<h2>Output:</h2>
*** Using Compiler 'V5.06 update 6 (build 750)', folder: 'E:\Keil5.27\ARM\ARMCC\Bin'
Rebuild target 'daocheleida_yuyinmokuiai'
assembling startup_stm32f103xe.s...
compiling font.c...
compiling stm32f1xx_it.c...
compiling dma.c...
compiling stm32f1xx_hal_msp.c...
compiling i2c.c...
compiling i2s.c...
compiling stm32f1xx_hal.c...
compiling tim.c...
compiling stm32f1xx_hal_gpio_ex.c...
compiling gpio.c...
compiling usart.c...
compiling main.c...
../Core/Src/main.c(176): warning:  #870-D: invalid multibyte character sequence
      sprintf(message2, "å€’è½¦è¯·æ³¨æ„?!!!");
../Core/Src/main.c: 1 warning, 0 errors
compiling stm32f1xx_hal_rcc_ex.c...
compiling oled.c...
compiling stm32f1xx_hal_i2c.c...
compiling stm32f1xx_hal_rcc.c...
compiling stm32f1xx_hal_gpio.c...
compiling stm32f1xx_hal_dma.c...
compiling stm32f1xx_hal_flash_ex.c...
compiling stm32f1xx_hal_cortex.c...
compiling stm32f1xx_hal_pwr.c...
compiling stm32f1xx_hal_flash.c...
compiling stm32f1xx_hal_exti.c...
compiling stm32f1xx_hal_i2s.c...
compiling system_stm32f1xx.c...
compiling stm32f1xx_hal_tim_ex.c...
compiling stm32f1xx_hal_uart.c...
compiling stm32f1xx_hal_tim.c...
linking...
Program Size: Code=16212 RO-data=56532 RW-data=40 ZI-data=3136  
FromELF: creating hex file...
"daocheleida_yuyinmokuiai\daocheleida_yuyinmokuiai.axf" - 0 Error(s), 1 Warning(s).

<h2>Software Packages used:</h2>

Package Vendor: ARM
                http://www.keil.com/pack/ARM.CMSIS.5.4.0.pack
                ARM.CMSIS.5.4.0
                CMSIS (Cortex Microcontroller Software Interface Standard)
   * Component: CORE Version: 5.1.2

Package Vendor: Keil
                http://www.keil.com/pack/Keil.STM32F1xx_DFP.2.2.0.pack
                Keil.STM32F1xx_DFP.2.2.0
                STMicroelectronics STM32F1 Series Device Support, Drivers and Examples

<h2>Collection of Component include folders:</h2>
  .\RTE\_daocheleida_yuyinmokuiai
  E:\Keil5.27\ARM\PACK\ARM\CMSIS\5.4.0\CMSIS\Core\Include
  E:\Keil5.27\ARM\PACK\Keil\STM32F1xx_DFP\2.2.0\Device\Include

<h2>Collection of Component Files used:</h2>

   * Component: ARM::CMSIS:CORE:5.1.2
Build Time Elapsed:  00:00:13
</pre>
</body>
</html>
